Archive member included to satisfy reference by file (symbol)

D:\Desktop\328p\328p\ArduinoCore\Debug\libArduinoCore.a(HardwareSerial.o)
                              Sketch.o (_ZN14HardwareSerial5beginEmh)
D:\Desktop\328p\328p\ArduinoCore\Debug\libArduinoCore.a(HardwareSerial0.o)
                              Sketch.o (Serial)
D:\Desktop\328p\328p\ArduinoCore\Debug\libArduinoCore.a(main.o)
                              C:/Program Files (x86)/Atmel/Studio/7.0/Packs/atmel/ATmega_DFP/1.2.132/gcc/dev/atmega328p/avr5/crtatmega328p.o (main)
D:\Desktop\328p\328p\ArduinoCore\Debug\libArduinoCore.a(Print.o)
                              D:\Desktop\328p\328p\ArduinoCore\Debug\libArduinoCore.a(HardwareSerial.o) (_ZN5Print5writeEPKhj)
D:\Desktop\328p\328p\ArduinoCore\Debug\libArduinoCore.a(wiring.o)
                              D:\Desktop\328p\328p\ArduinoCore\Debug\libArduinoCore.a(main.o) (init)
D:\Desktop\328p\328p\ArduinoCore\Debug\libArduinoCore.a(wiring_analog.o)
                              Sketch.o (analogRead)
D:\Desktop\328p\328p\ArduinoCore\Debug\libArduinoCore.a(wiring_digital.o)
                              Sketch.o (pinMode)
D:\Desktop\328p\328p\ArduinoCore\Debug\libArduinoCore.a(WMath.o)
                              Sketch.o (_Z3maplllll)
D:\Desktop\328p\328p\ArduinoCore\Debug\libArduinoCore.a(Adafruit_DotStar.o)
                              Sketch.o (_ZN16Adafruit_DotStar5beginEv)
D:\Desktop\328p\328p\ArduinoCore\Debug\libArduinoCore.a(SPI.o)
                              D:\Desktop\328p\328p\ArduinoCore\Debug\libArduinoCore.a(Adafruit_DotStar.o) (_ZN8SPIClass5beginEv)
D:\Desktop\328p\328p\ArduinoCore\Debug\libArduinoCore.a(abi.o)
                              D:\Desktop\328p\328p\ArduinoCore\Debug\libArduinoCore.a(Print.o) (__cxa_pure_virtual)
D:\Desktop\328p\328p\ArduinoCore\Debug\libArduinoCore.a(hooks.o)
                              D:\Desktop\328p\328p\ArduinoCore\Debug\libArduinoCore.a(wiring.o) (yield)
c:/program files (x86)/atmel/studio/7.0/toolchain/avr8/avr8-gnu-toolchain/bin/../lib/gcc/avr/5.4.0/../../../../avr/lib/avr5\libm.a(addsf3.o)
                              D:\Desktop\328p\328p\ArduinoCore\Debug\libArduinoCore.a(Print.o) (__subsf3)
c:/program files (x86)/atmel/studio/7.0/toolchain/avr8/avr8-gnu-toolchain/bin/../lib/gcc/avr/5.4.0/../../../../avr/lib/avr5\libm.a(addsf3x.o)
                              c:/program files (x86)/atmel/studio/7.0/toolchain/avr8/avr8-gnu-toolchain/bin/../lib/gcc/avr/5.4.0/../../../../avr/lib/avr5\libm.a(addsf3.o) (__addsf3x)
c:/program files (x86)/atmel/studio/7.0/toolchain/avr8/avr8-gnu-toolchain/bin/../lib/gcc/avr/5.4.0/../../../../avr/lib/avr5\libm.a(cmpsf2.o)
                              D:\Desktop\328p\328p\ArduinoCore\Debug\libArduinoCore.a(Print.o) (__ltsf2)
c:/program files (x86)/atmel/studio/7.0/toolchain/avr8/avr8-gnu-toolchain/bin/../lib/gcc/avr/5.4.0/../../../../avr/lib/avr5\libm.a(divsf3.o)
                              D:\Desktop\328p\328p\ArduinoCore\Debug\libArduinoCore.a(Print.o) (__divsf3)
c:/program files (x86)/atmel/studio/7.0/toolchain/avr8/avr8-gnu-toolchain/bin/../lib/gcc/avr/5.4.0/../../../../avr/lib/avr5\libm.a(divsf3x.o)
                              c:/program files (x86)/atmel/studio/7.0/toolchain/avr8/avr8-gnu-toolchain/bin/../lib/gcc/avr/5.4.0/../../../../avr/lib/avr5\libm.a(divsf3.o) (__divsf3x)
c:/program files (x86)/atmel/studio/7.0/toolchain/avr8/avr8-gnu-toolchain/bin/../lib/gcc/avr/5.4.0/../../../../avr/lib/avr5\libm.a(fixunssfsi.o)
                              D:\Desktop\328p\328p\ArduinoCore\Debug\libArduinoCore.a(Print.o) (__fixunssfsi)
c:/program files (x86)/atmel/studio/7.0/toolchain/avr8/avr8-gnu-toolchain/bin/../lib/gcc/avr/5.4.0/../../../../avr/lib/avr5\libm.a(floatsisf.o)
                              D:\Desktop\328p\328p\ArduinoCore\Debug\libArduinoCore.a(Print.o) (__floatunsisf)
c:/program files (x86)/atmel/studio/7.0/toolchain/avr8/avr8-gnu-toolchain/bin/../lib/gcc/avr/5.4.0/../../../../avr/lib/avr5\libm.a(fp_cmp.o)
                              c:/program files (x86)/atmel/studio/7.0/toolchain/avr8/avr8-gnu-toolchain/bin/../lib/gcc/avr/5.4.0/../../../../avr/lib/avr5\libm.a(cmpsf2.o) (__fp_cmp)
c:/program files (x86)/atmel/studio/7.0/toolchain/avr8/avr8-gnu-toolchain/bin/../lib/gcc/avr/5.4.0/../../../../avr/lib/avr5\libm.a(fp_inf.o)
                              c:/program files (x86)/atmel/studio/7.0/toolchain/avr8/avr8-gnu-toolchain/bin/../lib/gcc/avr/5.4.0/../../../../avr/lib/avr5\libm.a(addsf3x.o) (__fp_inf)
c:/program files (x86)/atmel/studio/7.0/toolchain/avr8/avr8-gnu-toolchain/bin/../lib/gcc/avr/5.4.0/../../../../avr/lib/avr5\libm.a(fp_nan.o)
                              c:/program files (x86)/atmel/studio/7.0/toolchain/avr8/avr8-gnu-toolchain/bin/../lib/gcc/avr/5.4.0/../../../../avr/lib/avr5\libm.a(addsf3x.o) (__fp_nan)
c:/program files (x86)/atmel/studio/7.0/toolchain/avr8/avr8-gnu-toolchain/bin/../lib/gcc/avr/5.4.0/../../../../avr/lib/avr5\libm.a(fp_pscA.o)
[...]
Memory Configuration

Name             Origin             Length             Attributes
text             0x00000000         0x00020000         xr
data             0x00800060         0x0000ffa0         rw !x
eeprom           0x00810000         0x00010000         rw !x
fuse             0x00820000         0x00000003         rw !x
lock             0x00830000         0x00000400         rw !x
signature        0x00840000         0x00000400         rw !x
user_signatures  0x00850000         0x00000400         rw !x
*default*        0x00000000         0xffffffff

Linker script and memory map

Address of section .data set to 0x800100
LOAD C:/Program Files (x86)/Atmel/Studio/7.0/Packs/atmel/ATmega_DFP/1.2.132/gcc/dev/atmega328p/avr5/crtatmega328p.o
LOAD Hbridge.o
LOAD Sketch.o
START GROUP
LOAD c:/program files (x86)/atmel/studio/7.0/toolchain/avr8/avr8-gnu-toolchain/bin/../lib/gcc/avr/5.4.0/../../../../avr/lib/avr5\libm.a
LOAD D:\Desktop\328p\328p\ArduinoCore\Debug\libArduinoCore.a
END GROUP
LOAD c:/program files (x86)/atmel/studio/7.0/toolchain/avr8/avr8-gnu-toolchain/bin/../lib/gcc/avr/5.4.0/avr5\libgcc.a
LOAD c:/program files (x86)/atmel/studio/7.0/toolchain/avr8/avr8-gnu-toolchain/bin/../lib/gcc/avr/5.4.0/../../../../avr/lib/avr5\libm.a
START GROUP
LOAD c:/program files (x86)/atmel/studio/7.0/toolchain/avr8/avr8-gnu-toolchain/bin/../lib/gcc/avr/5.4.0/avr5\libgcc.a
LOAD c:/program files (x86)/atmel/studio/7.0/toolchain/avr8/avr8-gnu-toolchain/bin/../lib/gcc/avr/5.4.0/../../../../avr/lib/avr5\libm.a
LOAD c:/program files (x86)/atmel/studio/7.0/toolchain/avr8/avr8-gnu-toolchain/bin/../lib/gcc/avr/5.4.0/../../../../avr/lib/avr5\libc.a
LOAD C:/Program Files (x86)/Atmel/Studio/7.0/Packs/atmel/ATmega_DFP/1.2.132/gcc/dev/atmega328p/avr5\libatmega328p.a
END GROUP
                0x00020000                __TEXT_REGION_LENGTH__ = DEFINED (__TEXT_REGION_LENGTH__)?__TEXT_REGION_LENGTH__:0x20000
                0x0000ffa0                __DATA_REGION_LENGTH__ = DEFINED (__DATA_REGION_LENGTH__)?__DATA_REGION_LENGTH__:0xffa0
                0x00010000                __EEPROM_REGION_LENGTH__ = DEFINED (__EEPROM_REGION_LENGTH__)?__EEPROM_REGION_LENGTH__:0x10000
                [0x00000003]                __FUSE_REGION_LENGTH__ = DEFINED (__FUSE_REGION_LENGTH__)?__FUSE_REGION_LENGTH__:0x400
                0x00000400                __LOCK_REGION_LENGTH__ = DEFINED (__LOCK_REGION_LENGTH__)?__LOCK_REGION_LENGTH__:0x400
                0x00000400                __SIGNATURE_REGION_LENGTH__ = DEFINED (__SIGNATURE_REGION_LENGTH__)?__SIGNATURE_REGION_LENGTH__:0x400
                0x00000400                __USER_SIGNATURE_REGION_LENGTH__ = DEFINED (__USER_SIGNATURE_REGION_LENGTH__)?__USER_SIGNATURE_REGION_LENGTH__:0x400

.hash
 *(.hash)

.dynsym
 *(.dynsym)

.dynstr
 *(.dynstr)

.gnu.version
 *(.gnu.version)

.gnu.version_d
 *(.gnu.version_d)

.gnu.version_r
 *(.gnu.version_r)

.rel.init
 *(.rel.init)

.rela.init
 *(.rela.init)

.rel.text
 *(.rel.text)
 *(.rel.text.*)
 *(.rel.gnu.linkonce.t*)

.rela.text
 *(.rela.text)
 *(.rela.text.*)
 *(.rela.gnu.linkonce.t*)

.rel.fini
 *(.rel.fini)

.rela.fini
 *(.rela.fini)

.rel.rodata
 *(.rel.rodata)
 *(.rel.rodata.*)
 *(.rel.gnu.linkonce.r*)

.rela.rodata
 *(.rela.rodata)
 *(.rela.rodata.*)
 *(.rela.gnu.linkonce.r*)

.rel.data
 *(.rel.data)
 *(.rel.data.*)
 *(.rel.gnu.linkonce.d*)

.rela.data
 *(.rela.data)
 *(.rela.data.*)
 *(.rela.gnu.linkonce.d*)

.rel.ctors
 *(.rel.ctors)

.rela.ctors
 *(.rela.ctors)

.rel.dtors
 *(.rel.dtors)

.rela.dtors
 *(.rela.dtors)

.rel.got
 *(.rel.got)

.rela.got
 *(.rela.got)

.rel.bss
 *(.rel.bss)

.rela.bss
 *(.rela.bss)

.rel.plt
 *(.rel.plt)

.rela.plt
 *(.rela.plt)

.text           0x00000000     0x1322
 *(.vectors)
 .vectors       0x00000000       0x68 C:/Program Files (x86)/Atmel/Studio/7.0/Packs/atmel/ATmega_DFP/1.2.132/gcc/dev/atmega328p/avr5/crtatmega328p.o
                0x00000000                __vector_default
                0x00000000                __vectors
 *(.vectors)
 *(.progmem.gcc*)
                0x00000068                . = ALIGN (0x2)
                0x00000068                __trampolines_start = .
 *(.trampolines)
 .trampolines   0x00000068        0x0 linker stubs
 *(.trampolines*)
                0x00000068                __trampolines_end = .
 *libprintf_flt.a:*(.progmem.data)
 *libc.a:*(.progmem.data)
 *(.progmem*)
 .progmem.data.digital_pin_to_timer_PGM
                0x00000068       0x15 D:\Desktop\328p\328p\ArduinoCore\Debug\libArduinoCore.a(wiring_digital.o)
                0x00000068                digital_pin_to_timer_PGM
 .progmem.data.digital_pin_to_bit_mask_PGM
                0x0000007d       0x15 D:\Desktop\328p\328p\ArduinoCore\Debug\libArduinoCore.a(wiring_digital.o)
                0x0000007d                digital_pin_to_bit_mask_PGM
 .progmem.data.digital_pin_to_port_PGM
                0x00000092       0x15 D:\Desktop\328p\328p\ArduinoCore\Debug\libArduinoCore.a(wiring_digital.o)
                0x00000092                digital_pin_to_port_PGM
 .progmem.data.port_to_output_PGM
                0x000000a7        0xa D:\Desktop\328p\328p\ArduinoCore\Debug\libArduinoCore.a(wiring_digital.o)
                0x000000a7                port_to_output_PGM
 .progmem.data.port_to_mode_PGM
                0x000000b1        0xa D:\Desktop\328p\328p\ArduinoCore\Debug\libArduinoCore.a(wiring_digital.o)
                0x000000b1                port_to_mode_PGM
                0x000000bc                . = ALIGN (0x2)
 *fill*         0x000000bb        0x1 
 *(.jumptables)
 *(.jumptables*)
 *(.lowtext)
 *(.lowtext*)
                0x000000bc                __ctors_start = .
 *(.ctors)
 .ctors         0x000000bc        0x2 Sketch.o
 .ctors         0x000000be        0x2 D:\Desktop\328p\328p\ArduinoCore\Debug\libArduinoCore.a(HardwareSerial0.o)
                0x000000c0                __ctors_end = .
                0x000000c0                __dtors_start = .
 *(.dtors)
 .dtors         0x000000c0        0x2 Sketch.o
                0x000000c2                __dtors_end = .
 SORT(*)(.ctors)
 SORT(*)(.dtors)
 *(.init0)
 .init0         0x000000c2        0x0 C:/Program Files (x86)/Atmel/Studio/7.0/Packs/atmel/ATmega_DFP/1.2.132/gcc/dev/atmega328p/avr5/crtatmega328p.o
                0x000000c2                __init
 *(.init0)
 *(.init1)
 *(.init1)
 *(.init2)
 .init2         0x000000c2        0xc C:/Program Files (x86)/Atmel/Studio/7.0/Packs/atmel/ATmega_DFP/1.2.132/gcc/dev/atmega328p/avr5/crtatmega328p.o
 *(.init2)
 *(.init3)
 *(.init3)
 *(.init4)
 .init4         0x000000ce       0x16 c:/program files (x86)/atmel/studio/7.0/toolchain/avr8/avr8-gnu-toolchain/bin/../lib/gcc/avr/5.4.0/avr5\libgcc.a(_copy_data.o)
                0x000000ce                __do_copy_data
 .init4         0x000000e4       0x10 c:/program files (x86)/atmel/studio/7.0/toolchain/avr8/avr8-gnu-toolchain/bin/../lib/gcc/avr/5.4.0/avr5\libgcc.a(_clear_bss.o)
                0x000000e4                __do_clear_bss
 *(.init4)
 *(.init5)
 *(.init5)
 *(.init6)
 .init6         0x000000f4       0x16 c:/program files (x86)/atmel/studio/7.0/toolchain/avr8/avr8-gnu-toolchain/bin/../lib/gcc/avr/5.4.0/avr5\libgcc.a(_ctors.o)
                0x000000f4                __do_global_ctors
 *(.init6)
 *(.init7)
 *(.init7)
 *(.init8)
 *(.init8)
 *(.init9)
 .init9         0x0000010a        0x8 C:/Program Files (x86)/Atmel/Studio/7.0/Packs/atmel/ATmega_DFP/1.2.132/gcc/dev/atmega328p/avr5/crtatmega328p.o
 *(.init9)
 *(.text)
 .text          0x00000112        0x4 C:/Program Files (x86)/Atmel/Studio/7.0/Packs/atmel/ATmega_DFP/1.2.132/gcc/dev/atmega328p/avr5/crtatmega328p.o
                0x00000112                __vector_22
                0x00000112                __vector_1
                0x00000112                __vector_24
                0x00000112                __vector_12
                0x00000112                __bad_interrupt
                0x00000112                __vector_6
                0x00000112                __vector_3
                0x00000112                __vector_23
                0x00000112                __vector_25
                0x00000112                __vector_11
                0x00000112                __vector_13
                0x00000112                __vector_17
                0x00000112                __vector_7
                0x00000112                __vector_5
                0x00000112                __vector_4
                0x00000112                __vector_9
                0x00000112                __vector_2
                0x00000112                __vector_21
                0x00000112                __vector_15
                0x00000112                __vector_8
                0x00000112                __vector_14
                0x00000112                __vector_10
                0x00000112                __vector_20
                0x00000116                . = ALIGN (0x2)
 *(.text.*)
 .text.setup    0x00000116       0x2a Sketch.o
                0x00000116                setup
 .text._Z13setLedPortionPhS_S_i
                0x00000140       0x70 Sketch.o
                0x00000140                _Z13setLedPortionPhS_S_i
 .text._Z8colormapjPhS_S_
                0x000001b0       0xbe Sketch.o
                0x000001b0                _Z8colormapjPhS_S_
 .text.loop     0x0000026e      0x122 Sketch.o
                0x0000026e                loop
 .text.startup._GLOBAL__sub_I_strip
                0x00000390       0x18 Sketch.o
 .text.exit._GLOBAL__sub_D_strip
                0x000003a8        0x8 Sketch.o
 .text._ZN14HardwareSerial9availableEv
                0x000003b0       0x18 D:\Desktop\328p\328p\ArduinoCore\Debug\libArduinoCore.a(HardwareSerial.o)
                0x000003b0                _ZN14HardwareSerial9availableEv
 .text._ZN14HardwareSerial4peekEv
                0x000003c8       0x1c D:\Desktop\328p\328p\ArduinoCore\Debug\libArduinoCore.a(HardwareSerial.o)
                0x000003c8                _ZN14HardwareSerial4peekEv
 .text._ZN14HardwareSerial4readEv
                0x000003e4       0x28 D:\Desktop\328p\328p\ArduinoCore\Debug\libArduinoCore.a(HardwareSerial.o)
                0x000003e4                _ZN14HardwareSerial4readEv
 .text._ZN14HardwareSerial17availableForWriteEv
                0x0000040c       0x1e D:\Desktop\328p\328p\ArduinoCore\Debug\libArduinoCore.a(HardwareSerial.o)
                0x0000040c                _ZN14HardwareSerial17availableForWriteEv
 .text._Z14serialEventRunv
                0x0000042a       0x1c D:\Desktop\328p\328p\ArduinoCore\Debug\libArduinoCore.a(HardwareSerial.o)
                0x0000042a                _Z14serialEventRunv
 .text._ZN14HardwareSerial17_tx_udr_empty_irqEv
                0x00000446       0x42 D:\Desktop\328p\328p\ArduinoCore\Debug\libArduinoCore.a(HardwareSerial.o)
                0x00000446                _ZN14HardwareSerial17_tx_udr_empty_irqEv
 .text._ZN14HardwareSerial5writeEh
                0x00000488       0x8e D:\Desktop\328p\328p\ArduinoCore\Debug\libArduinoCore.a(HardwareSerial.o)
                0x00000488                _ZN14HardwareSerial5writeEh
 .text._ZN14HardwareSerial5flushEv
                0x00000516       0x44 D:\Desktop\328p\328p\ArduinoCore\Debug\libArduinoCore.a(HardwareSerial.o)
                0x00000516                _ZN14HardwareSerial5flushEv
 .text._ZN14HardwareSerial5beginEmh
                0x0000055a       0xca D:\Desktop\328p\328p\ArduinoCore\Debug\libArduinoCore.a(HardwareSerial.o)
                0x0000055a                _ZN14HardwareSerial5beginEmh
 .text.__vector_18
                0x00000624       0x64 D:\Desktop\328p\328p\ArduinoCore\Debug\libArduinoCore.a(HardwareSerial0.o)
                0x00000624                __vector_18
 .text.__vector_19
                0x00000688       0x4c D:\Desktop\328p\328p\ArduinoCore\Debug\libArduinoCore.a(HardwareSerial0.o)
                0x00000688                __vector_19
 .text._Z17Serial0_availablev
                0x000006d4       0x14 D:\Desktop\328p\328p\ArduinoCore\Debug\libArduinoCore.a(HardwareSerial0.o)
                0x000006d4                _Z17Serial0_availablev
 .text.startup._GLOBAL__sub_I___vector_18
                0x000006e8       0x5a D:\Desktop\328p\328p\ArduinoCore\Debug\libArduinoCore.a(HardwareSerial0.o)
 .text.initVariant
                0x00000742        0x2 D:\Desktop\328p\328p\ArduinoCore\Debug\libArduinoCore.a(main.o)
                0x00000742                initVariant
 .text.startup.main
                0x00000744       0x1e D:\Desktop\328p\328p\ArduinoCore\Debug\libArduinoCore.a(main.o)
                0x00000744                main
 .text._ZN5Print5writeEPKhj
                0x00000762       0x54 D:\Desktop\328p\328p\ArduinoCore\Debug\libArduinoCore.a(Print.o)
                0x00000762                _ZN5Print5writeEPKhj
 .text._ZN5Print5writeEPKc
                0x000007b6       0x2a D:\Desktop\328p\328p\ArduinoCore\Debug\libArduinoCore.a(Print.o)
                0x000007b6                _ZN5Print5writeEPKc
 .text._ZN5Print5printEPKc
                0x000007e0        0x4 D:\Desktop\328p\328p\ArduinoCore\Debug\libArduinoCore.a(Print.o)
                0x000007e0                _ZN5Print5printEPKc
 .text._ZN5Print11printNumberEmh
                0x000007e4       0x92 D:\Desktop\328p\328p\ArduinoCore\Debug\libArduinoCore.a(Print.o)
                0x000007e4                _ZN5Print11printNumberEmh
 .text._ZN5Print5printEmi
                0x00000876       0x1a D:\Desktop\328p\328p\ArduinoCore\Debug\libArduinoCore.a(Print.o)
                0x00000876                _ZN5Print5printEmi
 .text._ZN5Print5printEji
                0x00000890        0xc D:\Desktop\328p\328p\ArduinoCore\Debug\libArduinoCore.a(Print.o)
                0x00000890                _ZN5Print5printEji
 .text.__vector_16
                0x0000089c       0x94 D:\Desktop\328p\328p\ArduinoCore\Debug\libArduinoCore.a(wiring.o)
                0x0000089c                __vector_16
 .text.init     0x00000930       0x76 D:\Desktop\328p\328p\ArduinoCore\Debug\libArduinoCore.a(wiring.o)
                0x00000930                init
 .text.analogRead
                0x000009a6       0x3a D:\Desktop\328p\328p\ArduinoCore\Debug\libArduinoCore.a(wiring_analog.o)
                0x000009a6                analogRead
 .text.turnOffPWM
                0x000009e0       0x52 D:\Desktop\328p\328p\ArduinoCore\Debug\libArduinoCore.a(wiring_digital.o)
 .text.pinMode  0x00000a32       0x78 D:\Desktop\328p\328p\ArduinoCore\Debug\libArduinoCore.a(wiring_digital.o)
                0x00000a32                pinMode
 .text.digitalWrite
                0x00000aaa       0x5e D:\Desktop\328p\328p\ArduinoCore\Debug\libArduinoCore.a(wiring_digital.o)
                0x00000aaa                digitalWrite
 .text._Z3maplllll
                0x00000b08       0x82 D:\Desktop\328p\328p\ArduinoCore\Debug\libArduinoCore.a(WMath.o)
                0x00000b08                _Z3maplllll
 .text._ZN8SPIClass8transferEh
                0x00000b8a        0xe D:\Desktop\328p\328p\ArduinoCore\Debug\libArduinoCore.a(Adafruit_DotStar.o)
                0x00000b8a                _ZN8SPIClass8transferEh
 .text._ZN16Adafruit_DotStar11hw_spi_initEv
                0x00000b98       0x1e D:\Desktop\328p\328p\ArduinoCore\Debug\libArduinoCore.a(Adafruit_DotStar.o)
                0x00000b98                _ZN16Adafruit_DotStar11hw_spi_initEv
 .text._ZN16Adafruit_DotStar11sw_spi_initEv
                0x00000bb6       0x84 D:\Desktop\328p\328p\ArduinoCore\Debug\libArduinoCore.a(Adafruit_DotStar.o)
                0x00000bb6                _ZN16Adafruit_DotStar11sw_spi_initEv
 .text._ZN16Adafruit_DotStar5beginEv
                0x00000c3a       0x10 D:\Desktop\328p\328p\ArduinoCore\Debug\libArduinoCore.a(Adafruit_DotStar.o)
                0x00000c3a                _ZN16Adafruit_DotStar5beginEv
 .text._ZN16Adafruit_DotStar10sw_spi_endEv
                0x00000c4a       0x1a D:\Desktop\328p\328p\ArduinoCore\Debug\libArduinoCore.a(Adafruit_DotStar.o)
                0x00000c4a                _ZN16Adafruit_DotStar10sw_spi_endEv
 .text._ZN16Adafruit_DotStarD2Ev
                0x00000c64       0x2a D:\Desktop\328p\328p\ArduinoCore\Debug\libArduinoCore.a(Adafruit_DotStar.o)
                0x00000c64                _ZN16Adafruit_DotStarD1Ev
                0x00000c64                _ZN16Adafruit_DotStarD2Ev
 .text._ZN16Adafruit_DotStar10sw_spi_outEh
                0x00000c8e       0x3e D:\Desktop\328p\328p\ArduinoCore\Debug\libArduinoCore.a(Adafruit_DotStar.o)
                0x00000c8e                _ZN16Adafruit_DotStar10sw_spi_outEh
 .text._ZN16Adafruit_DotStar4showEv
                0x00000ccc      0x160 D:\Desktop\328p\328p\ArduinoCore\Debug\libArduinoCore.a(Adafruit_DotStar.o)
                0x00000ccc                _ZN16Adafruit_DotStar4showEv
 .text._ZN16Adafruit_DotStar5clearEv
                0x00000e2c       0x32 D:\Desktop\328p\328p\ArduinoCore\Debug\libArduinoCore.a(Adafruit_DotStar.o)
                0x00000e2c                _ZN16Adafruit_DotStar5clearEv
 .text._ZN16Adafruit_DotStar12updateLengthEj
                0x00000e5e       0x64 D:\Desktop\328p\328p\ArduinoCore\Debug\libArduinoCore.a(Adafruit_DotStar.o)
                0x00000e5e                _ZN16Adafruit_DotStar12updateLengthEj
 .text._ZN16Adafruit_DotStarC2Ejhhh
                0x00000ec2       0x3e D:\Desktop\328p\328p\ArduinoCore\Debug\libArduinoCore.a(Adafruit_DotStar.o)
                0x00000ec2                _ZN16Adafruit_DotStarC2Ejhhh
                0x00000ec2                _ZN16Adafruit_DotStarC1Ejhhh
 .text._ZN16Adafruit_DotStar13setPixelColorEjhhh
                0x00000f00       0x42 D:\Desktop\328p\328p\ArduinoCore\Debug\libArduinoCore.a(Adafruit_DotStar.o)
                0x00000f00                _ZN16Adafruit_DotStar13setPixelColorEjhhh
 .text._ZN8SPIClass5beginEv
                0x00000f42       0x6c D:\Desktop\328p\328p\ArduinoCore\Debug\libArduinoCore.a(SPI.o)
                0x00000f42                _ZN8SPIClass5beginEv
 .text._ZN8SPIClass3endEv
                0x00000fae       0x28 D:\Desktop\328p\328p\ArduinoCore\Debug\libArduinoCore.a(SPI.o)
                0x00000fae                _ZN8SPIClass3endEv
 .text.libgcc.mul
                0x00000fd6       0x20 c:/program files (x86)/atmel/studio/7.0/toolchain/avr8/avr8-gnu-toolchain/bin/../lib/gcc/avr/5.4.0/avr5\libgcc.a(_mulsi3.o)
                0x00000fd6                __mulsi3
 .text.libgcc.div
                0x00000ff6       0x44 c:/program files (x86)/atmel/studio/7.0/toolchain/avr8/avr8-gnu-toolchain/bin/../lib/gcc/avr/5.4.0/avr5\libgcc.a(_udivmodsi4.o)
                0x00000ff6                __udivmodsi4
 .text.libgcc.div
                0x0000103a       0x2e c:/program files (x86)/atmel/studio/7.0/toolchain/avr8/avr8-gnu-toolchain/bin/../lib/gcc/avr/5.4.0/avr5\libgcc.a(_divmodsi4.o)
                0x0000103a                __divmodsi4
 .text.libgcc.div
                0x00001068       0x10 c:/program files (x86)/atmel/studio/7.0/toolchain/avr8/avr8-gnu-toolchain/bin/../lib/gcc/avr/5.4.0/avr5\libgcc.a(_negsi2.o)
                0x00001068                __negsi2
 .text.libgcc.mul
                0x00001078       0x16 c:/program files (x86)/atmel/studio/7.0/toolchain/avr8/avr8-gnu-toolchain/bin/../lib/gcc/avr/5.4.0/avr5\libgcc.a(_muluhisi3.o)
                0x00001078                __muluhisi3
 .text.libgcc   0x0000108e        0xc c:/program files (x86)/atmel/studio/7.0/toolchain/avr8/avr8-gnu-toolchain/bin/../lib/gcc/avr/5.4.0/avr5\libgcc.a(_tablejump2.o)
                0x0000108e                __tablejump2__
 .text.libgcc.mul
                0x0000109a       0x1e c:/program files (x86)/atmel/studio/7.0/toolchain/avr8/avr8-gnu-toolchain/bin/../lib/gcc/avr/5.4.0/avr5\libgcc.a(_umulhisi3.o)
                0x0000109a                __umulhisi3
 .text.avr-libc
                0x000010b8      0x242 c:/program files (x86)/atmel/studio/7.0/toolchain/avr8/avr8-gnu-toolchain/bin/../lib/gcc/avr/5.4.0/../../../../avr/lib/avr5\libc.a(malloc.o)
                0x000010b8                malloc
                0x000011e8                free
 .text.avr-libc
                0x000012fa        0xe c:/program files (x86)/atmel/studio/7.0/toolchain/avr8/avr8-gnu-toolchain/bin/../lib/gcc/avr/5.4.0/../../../../avr/lib/avr5\libc.a(memset.o)
                0x000012fa                memset
                0x00001308                . = ALIGN (0x2)
 *(.fini9)
 .fini9         0x00001308        0x0 c:/program files (x86)/atmel/studio/7.0/toolchain/avr8/avr8-gnu-toolchain/bin/../lib/gcc/avr/5.4.0/avr5\libgcc.a(_exit.o)
                0x00001308                _exit
                0x00001308                exit
 *(.fini9)
 *(.fini8)
 *(.fini8)
 *(.fini7)
 *(.fini7)
 *(.fini6)
 .fini6         0x00001308       0x16 c:/program files (x86)/atmel/studio/7.0/toolchain/avr8/avr8-gnu-toolchain/bin/../lib/gcc/avr/5.4.0/avr5\libgcc.a(_dtors.o)
                0x00001308                __do_global_dtors
 *(.fini6)
 *(.fini5)
 *(.fini5)
 *(.fini4)
 *(.fini4)
 *(.fini3)
 *(.fini3)
 *(.fini2)
 *(.fini2)
 *(.fini1)
 *(.fini1)
 *(.fini0)
 .fini0         0x0000131e        0x4 c:/program files (x86)/atmel/studio/7.0/toolchain/avr8/avr8-gnu-toolchain/bin/../lib/gcc/avr/5.4.0/avr5\libgcc.a(_exit.o)
 *(.fini0)
                0x00001322                _etext = .

.data           0x00800100       0x44 load address 0x00001322
                0x00800100                PROVIDE (__data_start, .)
 *(.data)
 .data          0x00800100        0x6 c:/program files (x86)/atmel/studio/7.0/toolchain/avr8/avr8-gnu-toolchain/bin/../lib/gcc/avr/5.4.0/../../../../avr/lib/avr5\libc.a(malloc.o)
                0x00800100                __malloc_heap_end
                0x00800102                __malloc_heap_start
                0x00800104                __malloc_margin
 *(.data*)
 .data.analog_reference
                0x00800106        0x1 D:\Desktop\328p\328p\ArduinoCore\Debug\libArduinoCore.a(wiring_analog.o)
                0x00800106                analog_reference
 *(.rodata)
 *(.rodata*)
 .rodata.str1.1
                0x00800107       0x2b Sketch.o
 .rodata._ZTV14HardwareSerial
                0x00800132       0x12 D:\Desktop\328p\328p\ArduinoCore\Debug\libArduinoCore.a(HardwareSerial.o)
                0x00800132                _ZTV14HardwareSerial
 *(.gnu.linkonce.d*)
                0x00800144                . = ALIGN (0x2)
                0x00800144                _edata = .
                0x00800144                PROVIDE (__data_end, .)

.bss            0x00800144       0xbc
                0x00800144                PROVIDE (__bss_start, .)
 *(.bss)
 *(.bss*)
 .bss.strip     0x00800144       0x10 Sketch.o
                0x00800144                strip
 .bss.Serial    0x00800154       0x9d D:\Desktop\328p\328p\ArduinoCore\Debug\libArduinoCore.a(HardwareSerial0.o)
                0x00800154                Serial
 .bss.timer0_fract
                0x008001f1        0x1 D:\Desktop\328p\328p\ArduinoCore\Debug\libArduinoCore.a(wiring.o)
 .bss.timer0_millis
                0x008001f2        0x4 D:\Desktop\328p\328p\ArduinoCore\Debug\libArduinoCore.a(wiring.o)
                0x008001f2                timer0_millis
 .bss.timer0_overflow_count
                0x008001f6        0x4 D:\Desktop\328p\328p\ArduinoCore\Debug\libArduinoCore.a(wiring.o)
                0x008001f6                timer0_overflow_count
 .bss._ZN8SPIClass13interruptModeE
                0x008001fa        0x1 D:\Desktop\328p\328p\ArduinoCore\Debug\libArduinoCore.a(SPI.o)
                0x008001fa                _ZN8SPIClass13interruptModeE
 .bss._ZN8SPIClass11initializedE
                0x008001fb        0x1 D:\Desktop\328p\328p\ArduinoCore\Debug\libArduinoCore.a(SPI.o)
                0x008001fb                _ZN8SPIClass11initializedE
 *(COMMON)
 COMMON         0x008001fc        0x4 c:/program files (x86)/atmel/studio/7.0/toolchain/avr8/avr8-gnu-toolchain/bin/../lib/gcc/avr/5.4.0/../../../../avr/lib/avr5\libc.a(malloc.o)
                0x008001fc                __brkval
                0x008001fe                __flp
                0x00800200                PROVIDE (__bss_end, .)
                0x00001322                __data_load_start = LOADADDR (.data)
                0x00001366                __data_load_end = (__data_load_start + SIZEOF (.data))

.noinit         0x00800200        0x0
                [!provide]                PROVIDE (__noinit_start, .)
 *(.noinit*)
                [!provide]                PROVIDE (__noinit_end, .)
                0x00800200                _end = .
                0x00800200                PROVIDE (__heap_start, .)

.eeprom         0x00810000        0x0
 *(.eeprom*)
                0x00810000                __eeprom_end = .

.fuse
 *(.fuse)
 *(.lfuse)
 *(.hfuse)
 *(.efuse)

.lock
 *(.lock*)

.signature
 *(.signature*)

.user_signatures
 *(.user_signatures*)

.stab
 *(.stab)

.stabstr
 *(.stabstr)

.stab.excl
 *(.stab.excl)

.stab.exclstr
 *(.stab.exclstr)

.stab.index
 *(.stab.index)

.stab.indexstr
 *(.stab.indexstr)

.comment        0x00000000       0x30
 *(.comment)
 .comment       0x00000000       0x30 Sketch.o
                                 0x31 (size before relaxing)
 .comment       0x00000030       0x31 D:\Desktop\328p\328p\ArduinoCore\Debug\libArduinoCore.a(HardwareSerial.o)
 .comment       0x00000030       0x31 D:\Desktop\328p\328p\ArduinoCore\Debug\libArduinoCore.a(HardwareSerial0.o)
 .comment       0x00000030       0x31 D:\Desktop\328p\328p\ArduinoCore\Debug\libArduinoCore.a(main.o)
 .comment       0x00000030       0x31 D:\Desktop\328p\328p\ArduinoCore\Debug\libArduinoCore.a(Print.o)
 .comment       0x00000030       0x31 D:\Desktop\328p\328p\ArduinoCore\Debug\libArduinoCore.a(wiring.o)
 .comment       0x00000030       0x31 D:\Desktop\328p\328p\ArduinoCore\Debug\libArduinoCore.a(wiring_analog.o)
 .comment       0x00000030       0x31 D:\Desktop\328p\328p\ArduinoCore\Debug\libArduinoCore.a(wiring_digital.o)
 .comment       0x00000030       0x31 D:\Desktop\328p\328p\ArduinoCore\Debug\libArduinoCore.a(WMath.o)
 .comment       0x00000030       0x31 D:\Desktop\328p\328p\ArduinoCore\Debug\libArduinoCore.a(Adafruit_DotStar.o)
 .comment       0x00000030       0x31 D:\Desktop\328p\328p\ArduinoCore\Debug\libArduinoCore.a(SPI.o)
 .comment       0x00000030       0x31 c:/program files (x86)/atmel/studio/7.0/toolchain/avr8/avr8-gnu-toolchain/bin/../lib/gcc/avr/5.4.0/../../../../avr/lib/avr5\libc.a(malloc.o)

.note.gnu.avr.deviceinfo
                0x00000000       0x40
 .note.gnu.avr.deviceinfo
                0x00000000       0x40 C:/Program Files (x86)/Atmel/Studio/7.0/Packs/atmel/ATmega_DFP/1.2.132/gcc/dev/atmega328p/avr5/crtatmega328p.o

.note.gnu.build-id
 *(.note.gnu.build-id)

.debug
 *(.debug)

.line
 *(.line)

.debug_srcinfo
 *(.debug_srcinfo)

.debug_sfnames
 *(.debug_sfnames)

.debug_aranges  0x00000000      0x440
 *(.debug_aranges)
 .debug_aranges
                0x00000000       0x50 Sketch.o
 .debug_aranges
                0x00000050       0x68 D:\Desktop\328p\328p\ArduinoCore\Debug\libArduinoCore.a(HardwareSerial.o)
 .debug_aranges
                0x000000b8       0x48 D:\Desktop\328p\328p\ArduinoCore\Debug\libArduinoCore.a(HardwareSerial0.o)
 .debug_aranges
                0x00000100       0x30 D:\Desktop\328p\328p\ArduinoCore\Debug\libArduinoCore.a(main.o)
 .debug_aranges
                0x00000130      0x100 D:\Desktop\328p\328p\ArduinoCore\Debug\libArduinoCore.a(Print.o)
 .debug_aranges
                0x00000230       0x48 D:\Desktop\328p\328p\ArduinoCore\Debug\libArduinoCore.a(wiring.o)
 .debug_aranges
                0x00000278       0x30 D:\Desktop\328p\328p\ArduinoCore\Debug\libArduinoCore.a(wiring_analog.o)
 .debug_aranges
                0x000002a8       0x38 D:\Desktop\328p\328p\ArduinoCore\Debug\libArduinoCore.a(wiring_digital.o)
 .debug_aranges
                0x000002e0       0x48 D:\Desktop\328p\328p\ArduinoCore\Debug\libArduinoCore.a(WMath.o)
 .debug_aranges
                0x00000328       0xe0 D:\Desktop\328p\328p\ArduinoCore\Debug\libArduinoCore.a(Adafruit_DotStar.o)
 .debug_aranges
                0x00000408       0x38 D:\Desktop\328p\328p\ArduinoCore\Debug\libArduinoCore.a(SPI.o)

.debug_pubnames
 *(.debug_pubnames)

.debug_info     0x00000000     0x9fef
 *(.debug_info .gnu.linkonce.wi.*)
 .debug_info    0x00000000      0x5f4 C:/Program Files (x86)/Atmel/Studio/7.0/Packs/atmel/ATmega_DFP/1.2.132/gcc/dev/atmega328p/avr5/crtatmega328p.o
 .debug_info    0x000005f4      0xd84 Sketch.o
 .debug_info    0x00001378     0x1e7f D:\Desktop\328p\328p\ArduinoCore\Debug\libArduinoCore.a(HardwareSerial.o)
 .debug_info    0x000031f7     0x1b0c D:\Desktop\328p\328p\ArduinoCore\Debug\libArduinoCore.a(HardwareSerial0.o)
 .debug_info    0x00004d03      0x22d D:\Desktop\328p\328p\ArduinoCore\Debug\libArduinoCore.a(main.o)
 .debug_info    0x00004f30     0x28f5 D:\Desktop\328p\328p\ArduinoCore\Debug\libArduinoCore.a(Print.o)
 .debug_info    0x00007825      0x2c1 D:\Desktop\328p\328p\ArduinoCore\Debug\libArduinoCore.a(wiring.o)
 .debug_info    0x00007ae6      0x263 D:\Desktop\328p\328p\ArduinoCore\Debug\libArduinoCore.a(wiring_analog.o)
 .debug_info    0x00007d49      0x5f4 D:\Desktop\328p\328p\ArduinoCore\Debug\libArduinoCore.a(wiring_digital.o)
 .debug_info    0x0000833d      0x230 D:\Desktop\328p\328p\ArduinoCore\Debug\libArduinoCore.a(WMath.o)
 .debug_info    0x0000856d     0x1421 D:\Desktop\328p\328p\ArduinoCore\Debug\libArduinoCore.a(Adafruit_DotStar.o)
 .debug_info    0x0000998e      0x661 D:\Desktop\328p\328p\ArduinoCore\Debug\libArduinoCore.a(SPI.o)

.debug_abbrev   0x00000000     0x22c2
 *(.debug_abbrev)
 .debug_abbrev  0x00000000      0x5a2 C:/Program Files (x86)/Atmel/Studio/7.0/Packs/atmel/ATmega_DFP/1.2.132/gcc/dev/atmega328p/avr5/crtatmega328p.o
 .debug_abbrev  0x000005a2      0x359 Sketch.o
 .debug_abbrev  0x000008fb      0x432 D:\Desktop\328p\328p\ArduinoCore\Debug\libArduinoCore.a(HardwareSerial.o)
 .debug_abbrev  0x00000d2d      0x3ce D:\Desktop\328p\328p\ArduinoCore\Debug\libArduinoCore.a(HardwareSerial0.o)
 .debug_abbrev  0x000010fb      0x12d D:\Desktop\328p\328p\ArduinoCore\Debug\libArduinoCore.a(main.o)
 .debug_abbrev  0x00001228      0x47a D:\Desktop\328p\328p\ArduinoCore\Debug\libArduinoCore.a(Print.o)
 .debug_abbrev  0x000016a2      0x146 D:\Desktop\328p\328p\ArduinoCore\Debug\libArduinoCore.a(wiring.o)
 .debug_abbrev  0x000017e8      0x16b D:\Desktop\328p\328p\ArduinoCore\Debug\libArduinoCore.a(wiring_analog.o)
 .debug_abbrev  0x00001953      0x15b D:\Desktop\328p\328p\ArduinoCore\Debug\libArduinoCore.a(wiring_digital.o)
 .debug_abbrev  0x00001aae      0x12b D:\Desktop\328p\328p\ArduinoCore\Debug\libArduinoCore.a(WMath.o)
 .debug_abbrev  0x00001bd9      0x466 D:\Desktop\328p\328p\ArduinoCore\Debug\libArduinoCore.a(Adafruit_DotStar.o)
 .debug_abbrev  0x0000203f      0x283 D:\Desktop\328p\328p\ArduinoCore\Debug\libArduinoCore.a(SPI.o)

.debug_line     0x00000000     0x2635
 *(.debug_line .debug_line.* .debug_line_end)
 .debug_line    0x00000000      0x133 C:/Program Files (x86)/Atmel/Studio/7.0/Packs/atmel/ATmega_DFP/1.2.132/gcc/dev/atmega328p/avr5/crtatmega328p.o
 .debug_line    0x00000133      0x396 Sketch.o
 .debug_line    0x000004c9      0x42e D:\Desktop\328p\328p\ArduinoCore\Debug\libArduinoCore.a(HardwareSerial.o)
 .debug_line    0x000008f7      0x294 D:\Desktop\328p\328p\ArduinoCore\Debug\libArduinoCore.a(HardwareSerial0.o)
 .debug_line    0x00000b8b      0x16d D:\Desktop\328p\328p\ArduinoCore\Debug\libArduinoCore.a(main.o)
 .debug_line    0x00000cf8      0x68d D:\Desktop\328p\328p\ArduinoCore\Debug\libArduinoCore.a(Print.o)
 .debug_line    0x00001385      0x2a1 D:\Desktop\328p\328p\ArduinoCore\Debug\libArduinoCore.a(wiring.o)
 .debug_line    0x00001626      0x217 D:\Desktop\328p\328p\ArduinoCore\Debug\libArduinoCore.a(wiring_analog.o)
 .debug_line    0x0000183d      0x25a D:\Desktop\328p\328p\ArduinoCore\Debug\libArduinoCore.a(wiring_digital.o)
 .debug_line    0x00001a97      0x143 D:\Desktop\328p\328p\ArduinoCore\Debug\libArduinoCore.a(WMath.o)
 .debug_line    0x00001bda      0x770 D:\Desktop\328p\328p\ArduinoCore\Debug\libArduinoCore.a(Adafruit_DotStar.o)
 .debug_line    0x0000234a      0x2eb D:\Desktop\328p\328p\ArduinoCore\Debug\libArduinoCore.a(SPI.o)

.debug_frame    0x00000000      0xcb0
 *(.debug_frame)
 .debug_frame   0x00000000      0x19c Sketch.o
 .debug_frame   0x0000019c      0x110 D:\Desktop\328p\328p\ArduinoCore\Debug\libArduinoCore.a(HardwareSerial.o)
 .debug_frame   0x000002ac       0xe0 D:\Desktop\328p\328p\ArduinoCore\Debug\libArduinoCore.a(HardwareSerial0.o)
 .debug_frame   0x0000038c       0x54 D:\Desktop\328p\328p\ArduinoCore\Debug\libArduinoCore.a(main.o)
 .debug_frame   0x000003e0      0x3ac D:\Desktop\328p\328p\ArduinoCore\Debug\libArduinoCore.a(Print.o)
 .debug_frame   0x0000078c       0xc4 D:\Desktop\328p\328p\ArduinoCore\Debug\libArduinoCore.a(wiring.o)
 .debug_frame   0x00000850       0x54 D:\Desktop\328p\328p\ArduinoCore\Debug\libArduinoCore.a(wiring_analog.o)
 .debug_frame   0x000008a4       0x7c D:\Desktop\328p\328p\ArduinoCore\Debug\libArduinoCore.a(wiring_digital.o)
 .debug_frame   0x00000920       0xf4 D:\Desktop\328p\328p\ArduinoCore\Debug\libArduinoCore.a(WMath.o)
 .debug_frame   0x00000a14      0x240 D:\Desktop\328p\328p\ArduinoCore\Debug\libArduinoCore.a(Adafruit_DotStar.o)
 .debug_frame   0x00000c54       0x5c D:\Desktop\328p\328p\ArduinoCore\Debug\libArduinoCore.a(SPI.o)

.debug_str      0x00000000     0x2977
 *(.debug_str)
 .debug_str     0x00000000      0x208 C:/Program Files (x86)/Atmel/Studio/7.0/Packs/atmel/ATmega_DFP/1.2.132/gcc/dev/atmega328p/avr5/crtatmega328p.o
 .debug_str     0x00000208      0x82c Sketch.o
                                0x89b (size before relaxing)
 .debug_str     0x00000a34     0x12d6 D:\Desktop\328p\328p\ArduinoCore\Debug\libArduinoCore.a(HardwareSerial.o)
                               0x15be (size before relaxing)
 .debug_str     0x00001d0a       0x86 D:\Desktop\328p\328p\ArduinoCore\Debug\libArduinoCore.a(HardwareSerial0.o)
                               0x13da (size before relaxing)
 .debug_str     0x00001d90       0x37 D:\Desktop\328p\328p\ArduinoCore\Debug\libArduinoCore.a(main.o)
                                0x286 (size before relaxing)
 .debug_str     0x00001dc7      0x3c4 D:\Desktop\328p\328p\ArduinoCore\Debug\libArduinoCore.a(Print.o)
                               0x1214 (size before relaxing)
 .debug_str     0x0000218b      0x159 D:\Desktop\328p\328p\ArduinoCore\Debug\libArduinoCore.a(wiring.o)
                                0x21c (size before relaxing)
 .debug_str     0x000022e4       0x79 D:\Desktop\328p\328p\ArduinoCore\Debug\libArduinoCore.a(wiring_analog.o)
                                0x220 (size before relaxing)
 .debug_str     0x0000235d       0xa9 D:\Desktop\328p\328p\ArduinoCore\Debug\libArduinoCore.a(wiring_digital.o)
                                0x281 (size before relaxing)
 .debug_str     0x00002406       0xac D:\Desktop\328p\328p\ArduinoCore\Debug\libArduinoCore.a(WMath.o)
                                0x21f (size before relaxing)
 .debug_str     0x000024b2      0x41c D:\Desktop\328p\328p\ArduinoCore\Debug\libArduinoCore.a(Adafruit_DotStar.o)
                                0xb5c (size before relaxing)
 .debug_str     0x000028ce       0xa9 D:\Desktop\328p\328p\ArduinoCore\Debug\libArduinoCore.a(SPI.o)
                                0x67f (size before relaxing)

.debug_loc      0x00000000     0x481c
 *(.debug_loc)
 .debug_loc     0x00000000      0x7a9 Sketch.o
 .debug_loc     0x000007a9      0x482 D:\Desktop\328p\328p\ArduinoCore\Debug\libArduinoCore.a(HardwareSerial.o)
 .debug_loc     0x00000c2b      0x1b0 D:\Desktop\328p\328p\ArduinoCore\Debug\libArduinoCore.a(HardwareSerial0.o)
 .debug_loc     0x00000ddb     0x1c87 D:\Desktop\328p\328p\ArduinoCore\Debug\libArduinoCore.a(Print.o)
 .debug_loc     0x00002a62      0x28d D:\Desktop\328p\328p\ArduinoCore\Debug\libArduinoCore.a(wiring.o)
 .debug_loc     0x00002cef       0xfe D:\Desktop\328p\328p\ArduinoCore\Debug\libArduinoCore.a(wiring_analog.o)
 .debug_loc     0x00002ded      0x5fc D:\Desktop\328p\328p\ArduinoCore\Debug\libArduinoCore.a(wiring_digital.o)
 .debug_loc     0x000033e9      0x3d6 D:\Desktop\328p\328p\ArduinoCore\Debug\libArduinoCore.a(WMath.o)
 .debug_loc     0x000037bf      0xe79 D:\Desktop\328p\328p\ArduinoCore\Debug\libArduinoCore.a(Adafruit_DotStar.o)
 .debug_loc     0x00004638      0x1e4 D:\Desktop\328p\328p\ArduinoCore\Debug\libArduinoCore.a(SPI.o)

.debug_macinfo
 *(.debug_macinfo)

.debug_weaknames
 *(.debug_weaknames)

.debug_funcnames
 *(.debug_funcnames)

.debug_typenames
 *(.debug_typenames)

.debug_varnames
 *(.debug_varnames)

.debug_pubtypes
 *(.debug_pubtypes)

.debug_ranges   0x00000000      0x3c0
 *(.debug_ranges)
 .debug_ranges  0x00000000       0x40 Sketch.o
 .debug_ranges  0x00000040       0x58 D:\Desktop\328p\328p\ArduinoCore\Debug\libArduinoCore.a(HardwareSerial.o)
 .debug_ranges  0x00000098       0x38 D:\Desktop\328p\328p\ArduinoCore\Debug\libArduinoCore.a(HardwareSerial0.o)
 .debug_ranges  0x000000d0       0x20 D:\Desktop\328p\328p\ArduinoCore\Debug\libArduinoCore.a(main.o)
 .debug_ranges  0x000000f0      0x120 D:\Desktop\328p\328p\ArduinoCore\Debug\libArduinoCore.a(Print.o)
 .debug_ranges  0x00000210       0x38 D:\Desktop\328p\328p\ArduinoCore\Debug\libArduinoCore.a(wiring.o)
 .debug_ranges  0x00000248       0x20 D:\Desktop\328p\328p\ArduinoCore\Debug\libArduinoCore.a(wiring_analog.o)
 .debug_ranges  0x00000268       0x28 D:\Desktop\328p\328p\ArduinoCore\Debug\libArduinoCore.a(wiring_digital.o)
 .debug_ranges  0x00000290       0x38 D:\Desktop\328p\328p\ArduinoCore\Debug\libArduinoCore.a(WMath.o)
 .debug_ranges  0x000002c8       0xd0 D:\Desktop\328p\328p\ArduinoCore\Debug\libArduinoCore.a(Adafruit_DotStar.o)
 .debug_ranges  0x00000398       0x28 D:\Desktop\328p\328p\ArduinoCore\Debug\libArduinoCore.a(SPI.o)

.debug_macro
 *(.debug_macro)
OUTPUT(328pArduino.elf elf32-avr)
LOAD linker stubs
