Archive member included to satisfy reference by file (symbol)

c:\users\dmaus\Documents\Atmel Studio\7.0\test22_7_18\test22_7_18\ArduinoCore\Debug\libArduinoCore.a(HardwareSerial.o)
                              Sketch.o (_ZN14HardwareSerial5beginEmh)
c:\users\dmaus\Documents\Atmel Studio\7.0\test22_7_18\test22_7_18\ArduinoCore\Debug\libArduinoCore.a(HardwareSerial0.o)
                              Sketch.o (Serial)
c:\users\dmaus\Documents\Atmel Studio\7.0\test22_7_18\test22_7_18\ArduinoCore\Debug\libArduinoCore.a(main.o)
                              C:/Program Files (x86)/Atmel/Studio/7.0/Packs/atmel/ATmega_DFP/1.2.132/gcc/dev/atmega2560/avr6/crtatmega2560.o (main)
c:\users\dmaus\Documents\Atmel Studio\7.0\test22_7_18\test22_7_18\ArduinoCore\Debug\libArduinoCore.a(Print.o)
                              c:\users\dmaus\Documents\Atmel Studio\7.0\test22_7_18\test22_7_18\ArduinoCore\Debug\libArduinoCore.a(HardwareSerial.o) (_ZN5Print5writeEPKhj)
c:\users\dmaus\Documents\Atmel Studio\7.0\test22_7_18\test22_7_18\ArduinoCore\Debug\libArduinoCore.a(wiring.o)
                              c:\users\dmaus\Documents\Atmel Studio\7.0\test22_7_18\test22_7_18\ArduinoCore\Debug\libArduinoCore.a(main.o) (init)
c:\users\dmaus\Documents\Atmel Studio\7.0\test22_7_18\test22_7_18\ArduinoCore\Debug\libArduinoCore.a(wiring_analog.o)
                              Sketch.o (analogRead)
c:\users\dmaus\Documents\Atmel Studio\7.0\test22_7_18\test22_7_18\ArduinoCore\Debug\libArduinoCore.a(wiring_digital.o)
                              Sketch.o (pinMode)
c:\users\dmaus\Documents\Atmel Studio\7.0\test22_7_18\test22_7_18\ArduinoCore\Debug\libArduinoCore.a(WMath.o)
                              Sketch.o (_Z3maplllll)
c:\users\dmaus\Documents\Atmel Studio\7.0\test22_7_18\test22_7_18\ArduinoCore\Debug\libArduinoCore.a(Adafruit_DotStar.o)
                              Sketch.o (_ZN16Adafruit_DotStar5beginEv)
c:\users\dmaus\Documents\Atmel Studio\7.0\test22_7_18\test22_7_18\ArduinoCore\Debug\libArduinoCore.a(SPI.o)
                              c:\users\dmaus\Documents\Atmel Studio\7.0\test22_7_18\test22_7_18\ArduinoCore\Debug\libArduinoCore.a(Adafruit_DotStar.o) (_ZN8SPIClass5beginEv)
c:\users\dmaus\Documents\Atmel Studio\7.0\test22_7_18\test22_7_18\ArduinoCore\Debug\libArduinoCore.a(abi.o)
                              c:\users\dmaus\Documents\Atmel Studio\7.0\test22_7_18\test22_7_18\ArduinoCore\Debug\libArduinoCore.a(Print.o) (__cxa_pure_virtual)
c:\users\dmaus\Documents\Atmel Studio\7.0\test22_7_18\test22_7_18\ArduinoCore\Debug\libArduinoCore.a(hooks.o)
                              c:\users\dmaus\Documents\Atmel Studio\7.0\test22_7_18\test22_7_18\ArduinoCore\Debug\libArduinoCore.a(wiring.o) (yield)
c:/program files (x86)/atmel/studio/7.0/toolchain/avr8/avr8-gnu-toolchain/bin/../lib/gcc/avr/5.4.0/../../../../avr/lib/avr6\libm.a(addsf3.o)
                              c:\users\dmaus\Documents\Atmel Studio\7.0\test22_7_18\test22_7_18\ArduinoCore\Debug\libArduinoCore.a(Print.o) (__subsf3)
c:/program files (x86)/atmel/studio/7.0/toolchain/avr8/avr8-gnu-toolchain/bin/../lib/gcc/avr/5.4.0/../../../../avr/lib/avr6\libm.a(addsf3x.o)
                              c:/program files (x86)/atmel/studio/7.0/toolchain/avr8/avr8-gnu-toolchain/bin/../lib/gcc/avr/5.4.0/../../../../avr/lib/avr6\libm.a(addsf3.o) (__addsf3x)
c:/program files (x86)/atmel/studio/7.0/toolchain/avr8/avr8-gnu-toolchain/bin/../lib/gcc/avr/5.4.0/../../../../avr/lib/avr6\libm.a(cmpsf2.o)
                              c:\users\dmaus\Documents\Atmel Studio\7.0\test22_7_18\test22_7_18\ArduinoCore\Debug\libArduinoCore.a(Print.o) (__ltsf2)
c:/program files (x86)/atmel/studio/7.0/toolchain/avr8/avr8-gnu-toolchain/bin/../lib/gcc/avr/5.4.0/../../../../avr/lib/avr6\libm.a(divsf3.o)
                              c:\users\dmaus\Documents\Atmel Studio\7.0\test22_7_18\test22_7_18\ArduinoCore\Debug\libArduinoCore.a(Print.o) (__divsf3)
c:/program files (x86)/atmel/studio/7.0/toolchain/avr8/avr8-gnu-toolchain/bin/../lib/gcc/avr/5.4.0/../../../../avr/lib/avr6\libm.a(divsf3x.o)
                              c:/program files (x86)/atmel/studio/7.0/toolchain/avr8/avr8-gnu-toolchain/bin/../lib/gcc/avr/5.4.0/../../../../avr/lib/avr6\libm.a(divsf3.o) (__divsf3x)
c:/program files (x86)/atmel/studio/7.0/toolchain/avr8/avr8-gnu-toolchain/bin/../lib/gcc/avr/5.4.0/../../../../avr/lib/avr6\libm.a(fixunssfsi.o)
                              c:\users\dmaus\Documents\Atmel Studio\7.0\test22_7_18\test22_7_18\ArduinoCore\Debug\libArduinoCore.a(Print.o) (__fixunssfsi)
c:/program files (x86)/atmel/studio/7.0/toolchain/avr8/avr8-gnu-toolchain/bin/../lib/gcc/avr/5.4.0/../../../../avr/lib/avr6\libm.a(floatsisf.o)
                              c:\users\dmaus\Documents\Atmel Studio\7.0\test22_7_18\test22_7_18\ArduinoCore\Debug\libArduinoCore.a(Print.o) (__floatunsisf)
c:/program files (x86)/atmel/studio/7.0/toolchain/avr8/avr8-gnu-toolchain/bin/../lib/gcc/avr/5.4.0/../../../../avr/lib/avr6\libm.a(fp_cmp.o)
[...]
Memory Configuration

Name             Origin             Length             Attributes
text             0x00000000         0x00100000         xr
data             0x00800200         0x0000fe00         rw !x
eeprom           0x00810000         0x00010000         rw !x
fuse             0x00820000         0x00000003         rw !x
lock             0x00830000         0x00000400         rw !x
signature        0x00840000         0x00000400         rw !x
user_signatures  0x00850000         0x00000400         rw !x
*default*        0x00000000         0xffffffff

Linker script and memory map

Address of section .data set to 0x800200
LOAD C:/Program Files (x86)/Atmel/Studio/7.0/Packs/atmel/ATmega_DFP/1.2.132/gcc/dev/atmega2560/avr6/crtatmega2560.o
LOAD Sketch.o
START GROUP
LOAD c:/program files (x86)/atmel/studio/7.0/toolchain/avr8/avr8-gnu-toolchain/bin/../lib/gcc/avr/5.4.0/../../../../avr/lib/avr6\libm.a
LOAD c:\users\dmaus\Documents\Atmel Studio\7.0\test22_7_18\test22_7_18\ArduinoCore\Debug\libArduinoCore.a
END GROUP
LOAD c:/program files (x86)/atmel/studio/7.0/toolchain/avr8/avr8-gnu-toolchain/bin/../lib/gcc/avr/5.4.0/avr6\libgcc.a
LOAD c:/program files (x86)/atmel/studio/7.0/toolchain/avr8/avr8-gnu-toolchain/bin/../lib/gcc/avr/5.4.0/../../../../avr/lib/avr6\libm.a
START GROUP
LOAD c:/program files (x86)/atmel/studio/7.0/toolchain/avr8/avr8-gnu-toolchain/bin/../lib/gcc/avr/5.4.0/avr6\libgcc.a
LOAD c:/program files (x86)/atmel/studio/7.0/toolchain/avr8/avr8-gnu-toolchain/bin/../lib/gcc/avr/5.4.0/../../../../avr/lib/avr6\libm.a
LOAD c:/program files (x86)/atmel/studio/7.0/toolchain/avr8/avr8-gnu-toolchain/bin/../lib/gcc/avr/5.4.0/../../../../avr/lib/avr6\libc.a
LOAD C:/Program Files (x86)/Atmel/Studio/7.0/Packs/atmel/ATmega_DFP/1.2.132/gcc/dev/atmega2560/avr6\libatmega2560.a
END GROUP
                0x00100000                __TEXT_REGION_LENGTH__ = DEFINED (__TEXT_REGION_LENGTH__)?__TEXT_REGION_LENGTH__:0x100000
                0x0000fe00                __DATA_REGION_LENGTH__ = DEFINED (__DATA_REGION_LENGTH__)?__DATA_REGION_LENGTH__:0xfe00
                0x00010000                __EEPROM_REGION_LENGTH__ = DEFINED (__EEPROM_REGION_LENGTH__)?__EEPROM_REGION_LENGTH__:0x10000
                [0x00000003]                __FUSE_REGION_LENGTH__ = DEFINED (__FUSE_REGION_LENGTH__)?__FUSE_REGION_LENGTH__:0x400
                0x00000400                __LOCK_REGION_LENGTH__ = DEFINED (__LOCK_REGION_LENGTH__)?__LOCK_REGION_LENGTH__:0x400
                0x00000400                __SIGNATURE_REGION_LENGTH__ = DEFINED (__SIGNATURE_REGION_LENGTH__)?__SIGNATURE_REGION_LENGTH__:0x400
                0x00000400                __USER_SIGNATURE_REGION_LENGTH__ = DEFINED (__USER_SIGNATURE_REGION_LENGTH__)?__USER_SIGNATURE_REGION_LENGTH__:0x400

.hash
 *(.hash)

.dynsym
 *(.dynsym)

.dynstr
 *(.dynstr)

.gnu.version
 *(.gnu.version)

.gnu.version_d
 *(.gnu.version_d)

.gnu.version_r
 *(.gnu.version_r)

.rel.init
 *(.rel.init)

.rela.init
 *(.rela.init)

.rel.text
 *(.rel.text)
 *(.rel.text.*)
 *(.rel.gnu.linkonce.t*)

.rela.text
 *(.rela.text)
 *(.rela.text.*)
 *(.rela.gnu.linkonce.t*)

.rel.fini
 *(.rel.fini)

.rela.fini
 *(.rela.fini)

.rel.rodata
 *(.rel.rodata)
 *(.rel.rodata.*)
 *(.rel.gnu.linkonce.r*)

.rela.rodata
 *(.rela.rodata)
 *(.rela.rodata.*)
 *(.rela.gnu.linkonce.r*)

.rel.data
 *(.rel.data)
 *(.rel.data.*)
 *(.rel.gnu.linkonce.d*)

.rela.data
 *(.rela.data)
 *(.rela.data.*)
 *(.rela.gnu.linkonce.d*)

.rel.ctors
 *(.rel.ctors)

.rela.ctors
 *(.rela.ctors)

.rel.dtors
 *(.rel.dtors)

.rela.dtors
 *(.rela.dtors)

.rel.got
 *(.rel.got)

.rela.got
 *(.rela.got)

.rel.bss
 *(.rel.bss)

.rela.bss
 *(.rela.bss)

.rel.plt
 *(.rel.plt)

.rela.plt
 *(.rela.plt)

.text           0x00000000     0x150c
 *(.vectors)
 .vectors       0x00000000       0xe4 C:/Program Files (x86)/Atmel/Studio/7.0/Packs/atmel/ATmega_DFP/1.2.132/gcc/dev/atmega2560/avr6/crtatmega2560.o
                0x00000000                __vector_default
                0x00000000                __vectors
 *(.vectors)
 *(.progmem.gcc*)
 .progmem.gcc_sw_table.turnOffPWM
                0x000000e4       0x24 c:\users\dmaus\Documents\Atmel Studio\7.0\test22_7_18\test22_7_18\ArduinoCore\Debug\libArduinoCore.a(wiring_digital.o)
                0x00000108                . = ALIGN (0x2)
                0x00000108                __trampolines_start = .
 *(.trampolines)
 .trampolines   0x00000108        0x0 linker stubs
 *(.trampolines*)
                0x00000108                __trampolines_end = .
 *libprintf_flt.a:*(.progmem.data)
 *libc.a:*(.progmem.data)
 *(.progmem*)
 .progmem.data.digital_pin_to_timer_PGM
                0x00000108       0x46 c:\users\dmaus\Documents\Atmel Studio\7.0\test22_7_18\test22_7_18\ArduinoCore\Debug\libArduinoCore.a(wiring_digital.o)
                0x00000108                digital_pin_to_timer_PGM
 .progmem.data.digital_pin_to_bit_mask_PGM
                0x0000014e       0x46 c:\users\dmaus\Documents\Atmel Studio\7.0\test22_7_18\test22_7_18\ArduinoCore\Debug\libArduinoCore.a(wiring_digital.o)
                0x0000014e                digital_pin_to_bit_mask_PGM
 .progmem.data.digital_pin_to_port_PGM
                0x00000194       0x46 c:\users\dmaus\Documents\Atmel Studio\7.0\test22_7_18\test22_7_18\ArduinoCore\Debug\libArduinoCore.a(wiring_digital.o)
                0x00000194                digital_pin_to_port_PGM
 .progmem.data.port_to_output_PGM
                0x000001da       0x1a c:\users\dmaus\Documents\Atmel Studio\7.0\test22_7_18\test22_7_18\ArduinoCore\Debug\libArduinoCore.a(wiring_digital.o)
                0x000001da                port_to_output_PGM
 .progmem.data.port_to_mode_PGM
                0x000001f4       0x1a c:\users\dmaus\Documents\Atmel Studio\7.0\test22_7_18\test22_7_18\ArduinoCore\Debug\libArduinoCore.a(wiring_digital.o)
                0x000001f4                port_to_mode_PGM
                0x0000020e                . = ALIGN (0x2)
 *(.jumptables)
 *(.jumptables*)
 *(.lowtext)
 *(.lowtext*)
                0x0000020e                __ctors_start = .
 *(.ctors)
 .ctors         0x0000020e        0x2 Sketch.o
 .ctors         0x00000210        0x2 c:\users\dmaus\Documents\Atmel Studio\7.0\test22_7_18\test22_7_18\ArduinoCore\Debug\libArduinoCore.a(HardwareSerial0.o)
                0x00000212                __ctors_end = .
                0x00000212                __dtors_start = .
 *(.dtors)
 .dtors         0x00000212        0x2 Sketch.o
                0x00000214                __dtors_end = .
 SORT(*)(.ctors)
 SORT(*)(.dtors)
 *(.init0)
 .init0         0x00000214        0x0 C:/Program Files (x86)/Atmel/Studio/7.0/Packs/atmel/ATmega_DFP/1.2.132/gcc/dev/atmega2560/avr6/crtatmega2560.o
                0x00000214                __init
 *(.init0)
 *(.init1)
 *(.init1)
 *(.init2)
 .init2         0x00000214       0x10 C:/Program Files (x86)/Atmel/Studio/7.0/Packs/atmel/ATmega_DFP/1.2.132/gcc/dev/atmega2560/avr6/crtatmega2560.o
 *(.init2)
 *(.init3)
 *(.init3)
 *(.init4)
 .init4         0x00000224       0x1a c:/program files (x86)/atmel/studio/7.0/toolchain/avr8/avr8-gnu-toolchain/bin/../lib/gcc/avr/5.4.0/avr6\libgcc.a(_copy_data.o)
                0x00000224                __do_copy_data
 .init4         0x0000023e       0x10 c:/program files (x86)/atmel/studio/7.0/toolchain/avr8/avr8-gnu-toolchain/bin/../lib/gcc/avr/5.4.0/avr6\libgcc.a(_clear_bss.o)
                0x0000023e                __do_clear_bss
 *(.init4)
 *(.init5)
 *(.init5)
 *(.init6)
 .init6         0x0000024e       0x1e c:/program files (x86)/atmel/studio/7.0/toolchain/avr8/avr8-gnu-toolchain/bin/../lib/gcc/avr/5.4.0/avr6\libgcc.a(_ctors.o)
                0x0000024e                __do_global_ctors
 *(.init6)
 *(.init7)
 *(.init7)
 *(.init8)
 *(.init8)
 *(.init9)
 .init9         0x0000026c        0x6 C:/Program Files (x86)/Atmel/Studio/7.0/Packs/atmel/ATmega_DFP/1.2.132/gcc/dev/atmega2560/avr6/crtatmega2560.o
 *(.init9)
 *(.text)
 .text          0x00000272        0x2 C:/Program Files (x86)/Atmel/Studio/7.0/Packs/atmel/ATmega_DFP/1.2.132/gcc/dev/atmega2560/avr6/crtatmega2560.o
                0x00000272                __vector_38
                0x00000272                __vector_22
                0x00000272                __vector_28
                0x00000272                __vector_1
                0x00000272                __vector_32
                0x00000272                __vector_34
                0x00000272                __vector_24
                0x00000272                __vector_12
                0x00000272                __vector_55
                0x00000272                __vector_46
                0x00000272                __bad_interrupt
                0x00000272                __vector_6
                0x00000272                __vector_31
                0x00000272                __vector_35
                0x00000272                __vector_39
                0x00000272                __vector_3
                0x00000272                __vector_30
                0x00000272                __vector_45
                0x00000272                __vector_11
                0x00000272                __vector_54
                0x00000272                __vector_13
                0x00000272                __vector_17
                0x00000272                __vector_19
                0x00000272                __vector_56
                0x00000272                __vector_7
                0x00000272                __vector_49
                0x00000272                __vector_41
                0x00000272                __vector_43
                0x00000272                __vector_27
                0x00000272                __vector_5
                0x00000272                __vector_33
                0x00000272                __vector_47
                0x00000272                __vector_52
                0x00000272                __vector_37
                0x00000272                __vector_4
                0x00000272                __vector_44
                0x00000272                __vector_51
                0x00000272                __vector_9
                0x00000272                __vector_2
                0x00000272                __vector_21
                0x00000272                __vector_15
                0x00000272                __vector_36
                0x00000272                __vector_29
                0x00000272                __vector_40
                0x00000272                __vector_8
                0x00000272                __vector_48
                0x00000272                __vector_14
                0x00000272                __vector_53
                0x00000272                __vector_10
                0x00000272                __vector_50
                0x00000272                __vector_16
                0x00000272                __vector_18
                0x00000272                __vector_20
                0x00000272                __vector_42
                0x00000274                . = ALIGN (0x2)
 *(.text.*)
 .text.setup    0x00000274       0x22 Sketch.o
                0x00000274                setup
 .text._Z13setLedPortionPhS_S_i
                0x00000296       0x6c Sketch.o
                0x00000296                _Z13setLedPortionPhS_S_i
 .text._Z8colormapjPhS_S_
                0x00000302       0xba Sketch.o
                0x00000302                _Z8colormapjPhS_S_
 .text.loop     0x000003bc       0xfe Sketch.o
                0x000003bc                loop
 .text.startup._GLOBAL__sub_I_strip
                0x000004ba       0x16 Sketch.o
 .text.exit._GLOBAL__sub_D_strip
                0x000004d0        0x6 Sketch.o
 .text._ZN14HardwareSerial9availableEv
                0x000004d6       0x18 c:\users\dmaus\Documents\Atmel Studio\7.0\test22_7_18\test22_7_18\ArduinoCore\Debug\libArduinoCore.a(HardwareSerial.o)
                0x000004d6                _ZN14HardwareSerial9availableEv
 .text._ZN14HardwareSerial4peekEv
                0x000004ee       0x1c c:\users\dmaus\Documents\Atmel Studio\7.0\test22_7_18\test22_7_18\ArduinoCore\Debug\libArduinoCore.a(HardwareSerial.o)
                0x000004ee                _ZN14HardwareSerial4peekEv
 .text._ZN14HardwareSerial4readEv
                0x0000050a       0x28 c:\users\dmaus\Documents\Atmel Studio\7.0\test22_7_18\test22_7_18\ArduinoCore\Debug\libArduinoCore.a(HardwareSerial.o)
                0x0000050a                _ZN14HardwareSerial4readEv
 .text._ZN14HardwareSerial17availableForWriteEv
                0x00000532       0x1e c:\users\dmaus\Documents\Atmel Studio\7.0\test22_7_18\test22_7_18\ArduinoCore\Debug\libArduinoCore.a(HardwareSerial.o)
                0x00000532                _ZN14HardwareSerial17availableForWriteEv
 .text._Z14serialEventRunv
                0x00000550       0x78 c:\users\dmaus\Documents\Atmel Studio\7.0\test22_7_18\test22_7_18\ArduinoCore\Debug\libArduinoCore.a(HardwareSerial.o)
                0x00000550                _Z14serialEventRunv
 .text._ZN14HardwareSerial17_tx_udr_empty_irqEv
                0x000005c8       0x42 c:\users\dmaus\Documents\Atmel Studio\7.0\test22_7_18\test22_7_18\ArduinoCore\Debug\libArduinoCore.a(HardwareSerial.o)
                0x000005c8                _ZN14HardwareSerial17_tx_udr_empty_irqEv
 .text._ZN14HardwareSerial5writeEh
                0x0000060a       0x8c c:\users\dmaus\Documents\Atmel Studio\7.0\test22_7_18\test22_7_18\ArduinoCore\Debug\libArduinoCore.a(HardwareSerial.o)
                0x0000060a                _ZN14HardwareSerial5writeEh
 .text._ZN14HardwareSerial5flushEv
                0x00000696       0x42 c:\users\dmaus\Documents\Atmel Studio\7.0\test22_7_18\test22_7_18\ArduinoCore\Debug\libArduinoCore.a(HardwareSerial.o)
                0x00000696                _ZN14HardwareSerial5flushEv
 .text._ZN14HardwareSerial5beginEmh
                0x000006d8       0xc6 c:\users\dmaus\Documents\Atmel Studio\7.0\test22_7_18\test22_7_18\ArduinoCore\Debug\libArduinoCore.a(HardwareSerial.o)
                0x000006d8                _ZN14HardwareSerial5beginEmh
 .text.__vector_25
                0x0000079e       0x6c c:\users\dmaus\Documents\Atmel Studio\7.0\test22_7_18\test22_7_18\ArduinoCore\Debug\libArduinoCore.a(HardwareSerial0.o)
                0x0000079e                __vector_25
 .text.__vector_26
                0x0000080a       0x52 c:\users\dmaus\Documents\Atmel Studio\7.0\test22_7_18\test22_7_18\ArduinoCore\Debug\libArduinoCore.a(HardwareSerial0.o)
                0x0000080a                __vector_26
 .text._Z17Serial0_availablev
                0x0000085c       0x12 c:\users\dmaus\Documents\Atmel Studio\7.0\test22_7_18\test22_7_18\ArduinoCore\Debug\libArduinoCore.a(HardwareSerial0.o)
                0x0000085c                _Z17Serial0_availablev
 .text.startup._GLOBAL__sub_I___vector_25
                0x0000086e       0x5a c:\users\dmaus\Documents\Atmel Studio\7.0\test22_7_18\test22_7_18\ArduinoCore\Debug\libArduinoCore.a(HardwareSerial0.o)
 .text.initVariant
                0x000008c8        0x2 c:\users\dmaus\Documents\Atmel Studio\7.0\test22_7_18\test22_7_18\ArduinoCore\Debug\libArduinoCore.a(main.o)
                0x000008c8                initVariant
 .text.startup.main
                0x000008ca       0x14 c:\users\dmaus\Documents\Atmel Studio\7.0\test22_7_18\test22_7_18\ArduinoCore\Debug\libArduinoCore.a(main.o)
                0x000008ca                main
 .text._ZN5Print5writeEPKhj
                0x000008de       0x54 c:\users\dmaus\Documents\Atmel Studio\7.0\test22_7_18\test22_7_18\ArduinoCore\Debug\libArduinoCore.a(Print.o)
                0x000008de                _ZN5Print5writeEPKhj
 .text._ZN5Print5writeEPKc
                0x00000932       0x2a c:\users\dmaus\Documents\Atmel Studio\7.0\test22_7_18\test22_7_18\ArduinoCore\Debug\libArduinoCore.a(Print.o)
                0x00000932                _ZN5Print5writeEPKc
 .text._ZN5Print5printEPKc
                0x0000095c        0x2 c:\users\dmaus\Documents\Atmel Studio\7.0\test22_7_18\test22_7_18\ArduinoCore\Debug\libArduinoCore.a(Print.o)
                0x0000095c                _ZN5Print5printEPKc
 .text._ZN5Print11printNumberEmh
                0x0000095e       0x8e c:\users\dmaus\Documents\Atmel Studio\7.0\test22_7_18\test22_7_18\ArduinoCore\Debug\libArduinoCore.a(Print.o)
                0x0000095e                _ZN5Print11printNumberEmh
 .text._ZN5Print5printEmi
                0x000009ec       0x18 c:\users\dmaus\Documents\Atmel Studio\7.0\test22_7_18\test22_7_18\ArduinoCore\Debug\libArduinoCore.a(Print.o)
                0x000009ec                _ZN5Print5printEmi
 .text._ZN5Print5printEji
                0x00000a04        0xa c:\users\dmaus\Documents\Atmel Studio\7.0\test22_7_18\test22_7_18\ArduinoCore\Debug\libArduinoCore.a(Print.o)
                0x00000a04                _ZN5Print5printEji
 .text.__vector_23
                0x00000a0e       0x94 c:\users\dmaus\Documents\Atmel Studio\7.0\test22_7_18\test22_7_18\ArduinoCore\Debug\libArduinoCore.a(wiring.o)
                0x00000a0e                __vector_23
 .text.init     0x00000aa2       0xc4 c:\users\dmaus\Documents\Atmel Studio\7.0\test22_7_18\test22_7_18\ArduinoCore\Debug\libArduinoCore.a(wiring.o)
                0x00000aa2                init
 .text.analogRead
                0x00000b66       0x4a c:\users\dmaus\Documents\Atmel Studio\7.0\test22_7_18\test22_7_18\ArduinoCore\Debug\libArduinoCore.a(wiring_analog.o)
                0x00000b66                analogRead
 .text.turnOffPWM
                0x00000bb0       0xaa c:\users\dmaus\Documents\Atmel Studio\7.0\test22_7_18\test22_7_18\ArduinoCore\Debug\libArduinoCore.a(wiring_digital.o)
 .text.pinMode  0x00000c5a       0x78 c:\users\dmaus\Documents\Atmel Studio\7.0\test22_7_18\test22_7_18\ArduinoCore\Debug\libArduinoCore.a(wiring_digital.o)
                0x00000c5a                pinMode
 .text.digitalWrite
                0x00000cd2       0x5c c:\users\dmaus\Documents\Atmel Studio\7.0\test22_7_18\test22_7_18\ArduinoCore\Debug\libArduinoCore.a(wiring_digital.o)
                0x00000cd2                digitalWrite
 .text._Z3maplllll
                0x00000d2e       0x7e c:\users\dmaus\Documents\Atmel Studio\7.0\test22_7_18\test22_7_18\ArduinoCore\Debug\libArduinoCore.a(WMath.o)
                0x00000d2e                _Z3maplllll
 .text._ZN8SPIClass8transferEh
                0x00000dac        0xe c:\users\dmaus\Documents\Atmel Studio\7.0\test22_7_18\test22_7_18\ArduinoCore\Debug\libArduinoCore.a(Adafruit_DotStar.o)
                0x00000dac                _ZN8SPIClass8transferEh
 .text._ZN16Adafruit_DotStar11hw_spi_initEv
                0x00000dba       0x1c c:\users\dmaus\Documents\Atmel Studio\7.0\test22_7_18\test22_7_18\ArduinoCore\Debug\libArduinoCore.a(Adafruit_DotStar.o)
                0x00000dba                _ZN16Adafruit_DotStar11hw_spi_initEv
 .text._ZN16Adafruit_DotStar11sw_spi_initEv
                0x00000dd6       0x80 c:\users\dmaus\Documents\Atmel Studio\7.0\test22_7_18\test22_7_18\ArduinoCore\Debug\libArduinoCore.a(Adafruit_DotStar.o)
                0x00000dd6                _ZN16Adafruit_DotStar11sw_spi_initEv
 .text._ZN16Adafruit_DotStar5beginEv
                0x00000e56        0xc c:\users\dmaus\Documents\Atmel Studio\7.0\test22_7_18\test22_7_18\ArduinoCore\Debug\libArduinoCore.a(Adafruit_DotStar.o)
                0x00000e56                _ZN16Adafruit_DotStar5beginEv
 .text._ZN16Adafruit_DotStar10sw_spi_endEv
                0x00000e62       0x16 c:\users\dmaus\Documents\Atmel Studio\7.0\test22_7_18\test22_7_18\ArduinoCore\Debug\libArduinoCore.a(Adafruit_DotStar.o)
                0x00000e62                _ZN16Adafruit_DotStar10sw_spi_endEv
 .text._ZN16Adafruit_DotStarD2Ev
                0x00000e78       0x24 c:\users\dmaus\Documents\Atmel Studio\7.0\test22_7_18\test22_7_18\ArduinoCore\Debug\libArduinoCore.a(Adafruit_DotStar.o)
                0x00000e78                _ZN16Adafruit_DotStarD1Ev
                0x00000e78                _ZN16Adafruit_DotStarD2Ev
 .text._ZN16Adafruit_DotStar10sw_spi_outEh
                0x00000e9c       0x3e c:\users\dmaus\Documents\Atmel Studio\7.0\test22_7_18\test22_7_18\ArduinoCore\Debug\libArduinoCore.a(Adafruit_DotStar.o)
                0x00000e9c                _ZN16Adafruit_DotStar10sw_spi_outEh
 .text._ZN16Adafruit_DotStar4showEv
                0x00000eda      0x14c c:\users\dmaus\Documents\Atmel Studio\7.0\test22_7_18\test22_7_18\ArduinoCore\Debug\libArduinoCore.a(Adafruit_DotStar.o)
                0x00000eda                _ZN16Adafruit_DotStar4showEv
 .text._ZN16Adafruit_DotStar5clearEv
                0x00001026       0x30 c:\users\dmaus\Documents\Atmel Studio\7.0\test22_7_18\test22_7_18\ArduinoCore\Debug\libArduinoCore.a(Adafruit_DotStar.o)
                0x00001026                _ZN16Adafruit_DotStar5clearEv
 .text._ZN16Adafruit_DotStar12updateLengthEj
                0x00001056       0x5e c:\users\dmaus\Documents\Atmel Studio\7.0\test22_7_18\test22_7_18\ArduinoCore\Debug\libArduinoCore.a(Adafruit_DotStar.o)
                0x00001056                _ZN16Adafruit_DotStar12updateLengthEj
 .text._ZN16Adafruit_DotStarC2Ejhhh
                0x000010b4       0x3c c:\users\dmaus\Documents\Atmel Studio\7.0\test22_7_18\test22_7_18\ArduinoCore\Debug\libArduinoCore.a(Adafruit_DotStar.o)
                0x000010b4                _ZN16Adafruit_DotStarC2Ejhhh
                0x000010b4                _ZN16Adafruit_DotStarC1Ejhhh
 .text._ZN16Adafruit_DotStar13setPixelColorEjhhh
                0x000010f0       0x42 c:\users\dmaus\Documents\Atmel Studio\7.0\test22_7_18\test22_7_18\ArduinoCore\Debug\libArduinoCore.a(Adafruit_DotStar.o)
                0x000010f0                _ZN16Adafruit_DotStar13setPixelColorEjhhh
 .text._ZN8SPIClass5beginEv
                0x00001132       0x64 c:\users\dmaus\Documents\Atmel Studio\7.0\test22_7_18\test22_7_18\ArduinoCore\Debug\libArduinoCore.a(SPI.o)
                0x00001132                _ZN8SPIClass5beginEv
 .text._ZN8SPIClass3endEv
                0x00001196       0x28 c:\users\dmaus\Documents\Atmel Studio\7.0\test22_7_18\test22_7_18\ArduinoCore\Debug\libArduinoCore.a(SPI.o)
                0x00001196                _ZN8SPIClass3endEv
 .text.libgcc.mul
                0x000011be       0x1e c:/program files (x86)/atmel/studio/7.0/toolchain/avr8/avr8-gnu-toolchain/bin/../lib/gcc/avr/5.4.0/avr6\libgcc.a(_mulsi3.o)
                0x000011be                __mulsi3
 .text.libgcc.div
                0x000011dc       0x44 c:/program files (x86)/atmel/studio/7.0/toolchain/avr8/avr8-gnu-toolchain/bin/../lib/gcc/avr/5.4.0/avr6\libgcc.a(_udivmodsi4.o)
                0x000011dc                __udivmodsi4
 .text.libgcc.div
                0x00001220       0x28 c:/program files (x86)/atmel/studio/7.0/toolchain/avr8/avr8-gnu-toolchain/bin/../lib/gcc/avr/5.4.0/avr6\libgcc.a(_divmodsi4.o)
                0x00001220                __divmodsi4
 .text.libgcc.div
                0x00001248       0x10 c:/program files (x86)/atmel/studio/7.0/toolchain/avr8/avr8-gnu-toolchain/bin/../lib/gcc/avr/5.4.0/avr6\libgcc.a(_negsi2.o)
                0x00001248                __negsi2
 .text.libgcc   0x00001258       0x10 c:/program files (x86)/atmel/studio/7.0/toolchain/avr8/avr8-gnu-toolchain/bin/../lib/gcc/avr/5.4.0/avr6\libgcc.a(_tablejump2.o)
                0x00001258                __tablejump2__
 .text.libgcc.mul
                0x00001268       0x14 c:/program files (x86)/atmel/studio/7.0/toolchain/avr8/avr8-gnu-toolchain/bin/../lib/gcc/avr/5.4.0/avr6\libgcc.a(_muluhisi3.o)
                0x00001268                __muluhisi3
 .text.libgcc.mul
                0x0000127c       0x1e c:/program files (x86)/atmel/studio/7.0/toolchain/avr8/avr8-gnu-toolchain/bin/../lib/gcc/avr/5.4.0/avr6\libgcc.a(_umulhisi3.o)
                0x0000127c                __umulhisi3
 .text.avr-libc
                0x0000129a      0x242 c:/program files (x86)/atmel/studio/7.0/toolchain/avr8/avr8-gnu-toolchain/bin/../lib/gcc/avr/5.4.0/../../../../avr/lib/avr6\libc.a(malloc.o)
                0x0000129a                malloc
                0x000013ca                free
 .text.avr-libc
                0x000014dc        0xe c:/program files (x86)/atmel/studio/7.0/toolchain/avr8/avr8-gnu-toolchain/bin/../lib/gcc/avr/5.4.0/../../../../avr/lib/avr6\libc.a(memset.o)
                0x000014dc                memset
                0x000014ea                . = ALIGN (0x2)
 *(.fini9)
 .fini9         0x000014ea        0x0 c:/program files (x86)/atmel/studio/7.0/toolchain/avr8/avr8-gnu-toolchain/bin/../lib/gcc/avr/5.4.0/avr6\libgcc.a(_exit.o)
                0x000014ea                _exit
                0x000014ea                exit
 *(.fini9)
 *(.fini8)
 *(.fini8)
 *(.fini7)
 *(.fini7)
 *(.fini6)
 .fini6         0x000014ea       0x1e c:/program files (x86)/atmel/studio/7.0/toolchain/avr8/avr8-gnu-toolchain/bin/../lib/gcc/avr/5.4.0/avr6\libgcc.a(_dtors.o)
                0x000014ea                __do_global_dtors
 *(.fini6)
 *(.fini5)
 *(.fini5)
 *(.fini4)
 *(.fini4)
 *(.fini3)
 *(.fini3)
 *(.fini2)
 *(.fini2)
 *(.fini1)
 *(.fini1)
 *(.fini0)
 .fini0         0x00001508        0x4 c:/program files (x86)/atmel/studio/7.0/toolchain/avr8/avr8-gnu-toolchain/bin/../lib/gcc/avr/5.4.0/avr6\libgcc.a(_exit.o)
 *(.fini0)
                0x0000150c                _etext = .

.data           0x00800200       0x44 load address 0x0000150c
                0x00800200                PROVIDE (__data_start, .)
 *(.data)
 .data          0x00800200        0x6 c:/program files (x86)/atmel/studio/7.0/toolchain/avr8/avr8-gnu-toolchain/bin/../lib/gcc/avr/5.4.0/../../../../avr/lib/avr6\libc.a(malloc.o)
                0x00800200                __malloc_heap_end
                0x00800202                __malloc_heap_start
                0x00800204                __malloc_margin
 *(.data*)
 .data.analog_reference
                0x00800206        0x1 c:\users\dmaus\Documents\Atmel Studio\7.0\test22_7_18\test22_7_18\ArduinoCore\Debug\libArduinoCore.a(wiring_analog.o)
                0x00800206                analog_reference
 *(.rodata)
 *(.rodata*)
 .rodata.str1.1
                0x00800207       0x2b Sketch.o
 .rodata._ZTV14HardwareSerial
                0x00800232       0x12 c:\users\dmaus\Documents\Atmel Studio\7.0\test22_7_18\test22_7_18\ArduinoCore\Debug\libArduinoCore.a(HardwareSerial.o)
                0x00800232                _ZTV14HardwareSerial
 *(.gnu.linkonce.d*)
                0x00800244                . = ALIGN (0x2)
                0x00800244                _edata = .
                0x00800244                PROVIDE (__data_end, .)

.bss            0x00800244       0xbc
                0x00800244                PROVIDE (__bss_start, .)
 *(.bss)
 *(.bss*)
 .bss.strip     0x00800244       0x10 Sketch.o
                0x00800244                strip
 .bss.Serial    0x00800254       0x9d c:\users\dmaus\Documents\Atmel Studio\7.0\test22_7_18\test22_7_18\ArduinoCore\Debug\libArduinoCore.a(HardwareSerial0.o)
                0x00800254                Serial
 .bss.timer0_fract
                0x008002f1        0x1 c:\users\dmaus\Documents\Atmel Studio\7.0\test22_7_18\test22_7_18\ArduinoCore\Debug\libArduinoCore.a(wiring.o)
 .bss.timer0_millis
                0x008002f2        0x4 c:\users\dmaus\Documents\Atmel Studio\7.0\test22_7_18\test22_7_18\ArduinoCore\Debug\libArduinoCore.a(wiring.o)
                0x008002f2                timer0_millis
 .bss.timer0_overflow_count
                0x008002f6        0x4 c:\users\dmaus\Documents\Atmel Studio\7.0\test22_7_18\test22_7_18\ArduinoCore\Debug\libArduinoCore.a(wiring.o)
                0x008002f6                timer0_overflow_count
 .bss._ZN8SPIClass13interruptModeE
                0x008002fa        0x1 c:\users\dmaus\Documents\Atmel Studio\7.0\test22_7_18\test22_7_18\ArduinoCore\Debug\libArduinoCore.a(SPI.o)
                0x008002fa                _ZN8SPIClass13interruptModeE
 .bss._ZN8SPIClass11initializedE
                0x008002fb        0x1 c:\users\dmaus\Documents\Atmel Studio\7.0\test22_7_18\test22_7_18\ArduinoCore\Debug\libArduinoCore.a(SPI.o)
                0x008002fb                _ZN8SPIClass11initializedE
 *(COMMON)
 COMMON         0x008002fc        0x4 c:/program files (x86)/atmel/studio/7.0/toolchain/avr8/avr8-gnu-toolchain/bin/../lib/gcc/avr/5.4.0/../../../../avr/lib/avr6\libc.a(malloc.o)
                0x008002fc                __brkval
                0x008002fe                __flp
                0x00800300                PROVIDE (__bss_end, .)
                0x0000150c                __data_load_start = LOADADDR (.data)
                0x00001550                __data_load_end = (__data_load_start + SIZEOF (.data))

.noinit         0x00800300        0x0
                [!provide]                PROVIDE (__noinit_start, .)
 *(.noinit*)
                [!provide]                PROVIDE (__noinit_end, .)
                0x00800300                _end = .
                0x00800300                PROVIDE (__heap_start, .)

.eeprom         0x00810000        0x0
 *(.eeprom*)
                0x00810000                __eeprom_end = .

.fuse
 *(.fuse)
 *(.lfuse)
 *(.hfuse)
 *(.efuse)

.lock
 *(.lock*)

.signature
 *(.signature*)

.user_signatures
 *(.user_signatures*)

.stab
 *(.stab)

.stabstr
 *(.stabstr)

.stab.excl
 *(.stab.excl)

.stab.exclstr
 *(.stab.exclstr)

.stab.index
 *(.stab.index)

.stab.indexstr
 *(.stab.indexstr)

.comment        0x00000000       0x30
 *(.comment)
 .comment       0x00000000       0x30 Sketch.o
                                 0x31 (size before relaxing)
 .comment       0x00000030       0x31 c:\users\dmaus\Documents\Atmel Studio\7.0\test22_7_18\test22_7_18\ArduinoCore\Debug\libArduinoCore.a(HardwareSerial.o)
 .comment       0x00000030       0x31 c:\users\dmaus\Documents\Atmel Studio\7.0\test22_7_18\test22_7_18\ArduinoCore\Debug\libArduinoCore.a(HardwareSerial0.o)
 .comment       0x00000030       0x31 c:\users\dmaus\Documents\Atmel Studio\7.0\test22_7_18\test22_7_18\ArduinoCore\Debug\libArduinoCore.a(main.o)
 .comment       0x00000030       0x31 c:\users\dmaus\Documents\Atmel Studio\7.0\test22_7_18\test22_7_18\ArduinoCore\Debug\libArduinoCore.a(Print.o)
 .comment       0x00000030       0x31 c:\users\dmaus\Documents\Atmel Studio\7.0\test22_7_18\test22_7_18\ArduinoCore\Debug\libArduinoCore.a(wiring.o)
 .comment       0x00000030       0x31 c:\users\dmaus\Documents\Atmel Studio\7.0\test22_7_18\test22_7_18\ArduinoCore\Debug\libArduinoCore.a(wiring_analog.o)
 .comment       0x00000030       0x31 c:\users\dmaus\Documents\Atmel Studio\7.0\test22_7_18\test22_7_18\ArduinoCore\Debug\libArduinoCore.a(wiring_digital.o)
 .comment       0x00000030       0x31 c:\users\dmaus\Documents\Atmel Studio\7.0\test22_7_18\test22_7_18\ArduinoCore\Debug\libArduinoCore.a(WMath.o)
 .comment       0x00000030       0x31 c:\users\dmaus\Documents\Atmel Studio\7.0\test22_7_18\test22_7_18\ArduinoCore\Debug\libArduinoCore.a(Adafruit_DotStar.o)
 .comment       0x00000030       0x31 c:\users\dmaus\Documents\Atmel Studio\7.0\test22_7_18\test22_7_18\ArduinoCore\Debug\libArduinoCore.a(SPI.o)
 .comment       0x00000030       0x31 c:/program files (x86)/atmel/studio/7.0/toolchain/avr8/avr8-gnu-toolchain/bin/../lib/gcc/avr/5.4.0/../../../../avr/lib/avr6\libc.a(malloc.o)

.note.gnu.avr.deviceinfo
                0x00000000       0x40
 .note.gnu.avr.deviceinfo
                0x00000000       0x40 C:/Program Files (x86)/Atmel/Studio/7.0/Packs/atmel/ATmega_DFP/1.2.132/gcc/dev/atmega2560/avr6/crtatmega2560.o

.note.gnu.build-id
 *(.note.gnu.build-id)

.debug
 *(.debug)

.line
 *(.line)

.debug_srcinfo
 *(.debug_srcinfo)

.debug_sfnames
 *(.debug_sfnames)

.debug_aranges  0x00000000      0x440
 *(.debug_aranges)
 .debug_aranges
                0x00000000       0x50 Sketch.o
 .debug_aranges
                0x00000050       0x68 c:\users\dmaus\Documents\Atmel Studio\7.0\test22_7_18\test22_7_18\ArduinoCore\Debug\libArduinoCore.a(HardwareSerial.o)
 .debug_aranges
                0x000000b8       0x48 c:\users\dmaus\Documents\Atmel Studio\7.0\test22_7_18\test22_7_18\ArduinoCore\Debug\libArduinoCore.a(HardwareSerial0.o)
 .debug_aranges
                0x00000100       0x30 c:\users\dmaus\Documents\Atmel Studio\7.0\test22_7_18\test22_7_18\ArduinoCore\Debug\libArduinoCore.a(main.o)
 .debug_aranges
                0x00000130      0x100 c:\users\dmaus\Documents\Atmel Studio\7.0\test22_7_18\test22_7_18\ArduinoCore\Debug\libArduinoCore.a(Print.o)
 .debug_aranges
                0x00000230       0x48 c:\users\dmaus\Documents\Atmel Studio\7.0\test22_7_18\test22_7_18\ArduinoCore\Debug\libArduinoCore.a(wiring.o)
 .debug_aranges
                0x00000278       0x30 c:\users\dmaus\Documents\Atmel Studio\7.0\test22_7_18\test22_7_18\ArduinoCore\Debug\libArduinoCore.a(wiring_analog.o)
 .debug_aranges
                0x000002a8       0x38 c:\users\dmaus\Documents\Atmel Studio\7.0\test22_7_18\test22_7_18\ArduinoCore\Debug\libArduinoCore.a(wiring_digital.o)
 .debug_aranges
                0x000002e0       0x48 c:\users\dmaus\Documents\Atmel Studio\7.0\test22_7_18\test22_7_18\ArduinoCore\Debug\libArduinoCore.a(WMath.o)
 .debug_aranges
                0x00000328       0xe0 c:\users\dmaus\Documents\Atmel Studio\7.0\test22_7_18\test22_7_18\ArduinoCore\Debug\libArduinoCore.a(Adafruit_DotStar.o)
 .debug_aranges
                0x00000408       0x38 c:\users\dmaus\Documents\Atmel Studio\7.0\test22_7_18\test22_7_18\ArduinoCore\Debug\libArduinoCore.a(SPI.o)

.debug_pubnames
 *(.debug_pubnames)

.debug_info     0x00000000     0xaa4c
 *(.debug_info .gnu.linkonce.wi.*)
 .debug_info    0x00000000      0xbbc C:/Program Files (x86)/Atmel/Studio/7.0/Packs/atmel/ATmega_DFP/1.2.132/gcc/dev/atmega2560/avr6/crtatmega2560.o
 .debug_info    0x00000bbc      0xdf1 Sketch.o
 .debug_info    0x000019ad     0x1f83 c:\users\dmaus\Documents\Atmel Studio\7.0\test22_7_18\test22_7_18\ArduinoCore\Debug\libArduinoCore.a(HardwareSerial.o)
 .debug_info    0x00003930     0x1b74 c:\users\dmaus\Documents\Atmel Studio\7.0\test22_7_18\test22_7_18\ArduinoCore\Debug\libArduinoCore.a(HardwareSerial0.o)
 .debug_info    0x000054a4      0x295 c:\users\dmaus\Documents\Atmel Studio\7.0\test22_7_18\test22_7_18\ArduinoCore\Debug\libArduinoCore.a(main.o)
 .debug_info    0x00005739     0x295d c:\users\dmaus\Documents\Atmel Studio\7.0\test22_7_18\test22_7_18\ArduinoCore\Debug\libArduinoCore.a(Print.o)
 .debug_info    0x00008096      0x329 c:\users\dmaus\Documents\Atmel Studio\7.0\test22_7_18\test22_7_18\ArduinoCore\Debug\libArduinoCore.a(wiring.o)
 .debug_info    0x000083bf      0x2cd c:\users\dmaus\Documents\Atmel Studio\7.0\test22_7_18\test22_7_18\ArduinoCore\Debug\libArduinoCore.a(wiring_analog.o)
 .debug_info    0x0000868c      0x63a c:\users\dmaus\Documents\Atmel Studio\7.0\test22_7_18\test22_7_18\ArduinoCore\Debug\libArduinoCore.a(wiring_digital.o)
 .debug_info    0x00008cc6      0x230 c:\users\dmaus\Documents\Atmel Studio\7.0\test22_7_18\test22_7_18\ArduinoCore\Debug\libArduinoCore.a(WMath.o)
 .debug_info    0x00008ef6     0x1489 c:\users\dmaus\Documents\Atmel Studio\7.0\test22_7_18\test22_7_18\ArduinoCore\Debug\libArduinoCore.a(Adafruit_DotStar.o)
 .debug_info    0x0000a37f      0x6cd c:\users\dmaus\Documents\Atmel Studio\7.0\test22_7_18\test22_7_18\ArduinoCore\Debug\libArduinoCore.a(SPI.o)

.debug_abbrev   0x00000000     0x2848
 *(.debug_abbrev)
 .debug_abbrev  0x00000000      0xb1a C:/Program Files (x86)/Atmel/Studio/7.0/Packs/atmel/ATmega_DFP/1.2.132/gcc/dev/atmega2560/avr6/crtatmega2560.o
 .debug_abbrev  0x00000b1a      0x359 Sketch.o
 .debug_abbrev  0x00000e73      0x432 c:\users\dmaus\Documents\Atmel Studio\7.0\test22_7_18\test22_7_18\ArduinoCore\Debug\libArduinoCore.a(HardwareSerial.o)
 .debug_abbrev  0x000012a5      0x3ce c:\users\dmaus\Documents\Atmel Studio\7.0\test22_7_18\test22_7_18\ArduinoCore\Debug\libArduinoCore.a(HardwareSerial0.o)
 .debug_abbrev  0x00001673      0x12d c:\users\dmaus\Documents\Atmel Studio\7.0\test22_7_18\test22_7_18\ArduinoCore\Debug\libArduinoCore.a(main.o)
 .debug_abbrev  0x000017a0      0x47a c:\users\dmaus\Documents\Atmel Studio\7.0\test22_7_18\test22_7_18\ArduinoCore\Debug\libArduinoCore.a(Print.o)
 .debug_abbrev  0x00001c1a      0x146 c:\users\dmaus\Documents\Atmel Studio\7.0\test22_7_18\test22_7_18\ArduinoCore\Debug\libArduinoCore.a(wiring.o)
 .debug_abbrev  0x00001d60      0x17a c:\users\dmaus\Documents\Atmel Studio\7.0\test22_7_18\test22_7_18\ArduinoCore\Debug\libArduinoCore.a(wiring_analog.o)
 .debug_abbrev  0x00001eda      0x15a c:\users\dmaus\Documents\Atmel Studio\7.0\test22_7_18\test22_7_18\ArduinoCore\Debug\libArduinoCore.a(wiring_digital.o)
 .debug_abbrev  0x00002034      0x12b c:\users\dmaus\Documents\Atmel Studio\7.0\test22_7_18\test22_7_18\ArduinoCore\Debug\libArduinoCore.a(WMath.o)
 .debug_abbrev  0x0000215f      0x466 c:\users\dmaus\Documents\Atmel Studio\7.0\test22_7_18\test22_7_18\ArduinoCore\Debug\libArduinoCore.a(Adafruit_DotStar.o)
 .debug_abbrev  0x000025c5      0x283 c:\users\dmaus\Documents\Atmel Studio\7.0\test22_7_18\test22_7_18\ArduinoCore\Debug\libArduinoCore.a(SPI.o)

.debug_line     0x00000000     0x281a
 *(.debug_line .debug_line.* .debug_line_end)
 .debug_line    0x00000000      0x1f9 C:/Program Files (x86)/Atmel/Studio/7.0/Packs/atmel/ATmega_DFP/1.2.132/gcc/dev/atmega2560/avr6/crtatmega2560.o
 .debug_line    0x000001f9      0x389 Sketch.o
 .debug_line    0x00000582      0x489 c:\users\dmaus\Documents\Atmel Studio\7.0\test22_7_18\test22_7_18\ArduinoCore\Debug\libArduinoCore.a(HardwareSerial.o)
 .debug_line    0x00000a0b      0x288 c:\users\dmaus\Documents\Atmel Studio\7.0\test22_7_18\test22_7_18\ArduinoCore\Debug\libArduinoCore.a(HardwareSerial0.o)
 .debug_line    0x00000c93      0x161 c:\users\dmaus\Documents\Atmel Studio\7.0\test22_7_18\test22_7_18\ArduinoCore\Debug\libArduinoCore.a(main.o)
 .debug_line    0x00000df4      0x681 c:\users\dmaus\Documents\Atmel Studio\7.0\test22_7_18\test22_7_18\ArduinoCore\Debug\libArduinoCore.a(Print.o)
 .debug_line    0x00001475      0x2cb c:\users\dmaus\Documents\Atmel Studio\7.0\test22_7_18\test22_7_18\ArduinoCore\Debug\libArduinoCore.a(wiring.o)
 .debug_line    0x00001740      0x2c4 c:\users\dmaus\Documents\Atmel Studio\7.0\test22_7_18\test22_7_18\ArduinoCore\Debug\libArduinoCore.a(wiring_analog.o)
 .debug_line    0x00001a04      0x284 c:\users\dmaus\Documents\Atmel Studio\7.0\test22_7_18\test22_7_18\ArduinoCore\Debug\libArduinoCore.a(wiring_digital.o)
 .debug_line    0x00001c88      0x143 c:\users\dmaus\Documents\Atmel Studio\7.0\test22_7_18\test22_7_18\ArduinoCore\Debug\libArduinoCore.a(WMath.o)
 .debug_line    0x00001dcb      0x764 c:\users\dmaus\Documents\Atmel Studio\7.0\test22_7_18\test22_7_18\ArduinoCore\Debug\libArduinoCore.a(Adafruit_DotStar.o)
 .debug_line    0x0000252f      0x2eb c:\users\dmaus\Documents\Atmel Studio\7.0\test22_7_18\test22_7_18\ArduinoCore\Debug\libArduinoCore.a(SPI.o)

.debug_frame    0x00000000      0xcb0
 *(.debug_frame)
 .debug_frame   0x00000000      0x19c Sketch.o
 .debug_frame   0x0000019c      0x110 c:\users\dmaus\Documents\Atmel Studio\7.0\test22_7_18\test22_7_18\ArduinoCore\Debug\libArduinoCore.a(HardwareSerial.o)
 .debug_frame   0x000002ac       0xe0 c:\users\dmaus\Documents\Atmel Studio\7.0\test22_7_18\test22_7_18\ArduinoCore\Debug\libArduinoCore.a(HardwareSerial0.o)
 .debug_frame   0x0000038c       0x54 c:\users\dmaus\Documents\Atmel Studio\7.0\test22_7_18\test22_7_18\ArduinoCore\Debug\libArduinoCore.a(main.o)
 .debug_frame   0x000003e0      0x3ac c:\users\dmaus\Documents\Atmel Studio\7.0\test22_7_18\test22_7_18\ArduinoCore\Debug\libArduinoCore.a(Print.o)
 .debug_frame   0x0000078c       0xc4 c:\users\dmaus\Documents\Atmel Studio\7.0\test22_7_18\test22_7_18\ArduinoCore\Debug\libArduinoCore.a(wiring.o)
 .debug_frame   0x00000850       0x54 c:\users\dmaus\Documents\Atmel Studio\7.0\test22_7_18\test22_7_18\ArduinoCore\Debug\libArduinoCore.a(wiring_analog.o)
 .debug_frame   0x000008a4       0x7c c:\users\dmaus\Documents\Atmel Studio\7.0\test22_7_18\test22_7_18\ArduinoCore\Debug\libArduinoCore.a(wiring_digital.o)
 .debug_frame   0x00000920       0xf4 c:\users\dmaus\Documents\Atmel Studio\7.0\test22_7_18\test22_7_18\ArduinoCore\Debug\libArduinoCore.a(WMath.o)
 .debug_frame   0x00000a14      0x240 c:\users\dmaus\Documents\Atmel Studio\7.0\test22_7_18\test22_7_18\ArduinoCore\Debug\libArduinoCore.a(Adafruit_DotStar.o)
 .debug_frame   0x00000c54       0x5c c:\users\dmaus\Documents\Atmel Studio\7.0\test22_7_18\test22_7_18\ArduinoCore\Debug\libArduinoCore.a(SPI.o)

.debug_str      0x00000000     0x2c92
 *(.debug_str)
 .debug_str     0x00000000      0x3e6 C:/Program Files (x86)/Atmel/Studio/7.0/Packs/atmel/ATmega_DFP/1.2.132/gcc/dev/atmega2560/avr6/crtatmega2560.o
 .debug_str     0x000003e6      0x85c Sketch.o
                                0x8cb (size before relaxing)
 .debug_str     0x00000c42     0x13db c:\users\dmaus\Documents\Atmel Studio\7.0\test22_7_18\test22_7_18\ArduinoCore\Debug\libArduinoCore.a(HardwareSerial.o)
                               0x16cb (size before relaxing)
 .debug_str     0x0000201d       0x86 c:\users\dmaus\Documents\Atmel Studio\7.0\test22_7_18\test22_7_18\ArduinoCore\Debug\libArduinoCore.a(HardwareSerial0.o)
                               0x140f (size before relaxing)
 .debug_str     0x000020a3       0x37 c:\users\dmaus\Documents\Atmel Studio\7.0\test22_7_18\test22_7_18\ArduinoCore\Debug\libArduinoCore.a(main.o)
                                0x2bb (size before relaxing)
 .debug_str     0x000020da      0x3c4 c:\users\dmaus\Documents\Atmel Studio\7.0\test22_7_18\test22_7_18\ArduinoCore\Debug\libArduinoCore.a(Print.o)
                               0x1249 (size before relaxing)
 .debug_str     0x0000249e      0x161 c:\users\dmaus\Documents\Atmel Studio\7.0\test22_7_18\test22_7_18\ArduinoCore\Debug\libArduinoCore.a(wiring.o)
                                0x251 (size before relaxing)
 .debug_str     0x000025ff       0x79 c:\users\dmaus\Documents\Atmel Studio\7.0\test22_7_18\test22_7_18\ArduinoCore\Debug\libArduinoCore.a(wiring_analog.o)
                                0x255 (size before relaxing)
 .debug_str     0x00002678       0xa9 c:\users\dmaus\Documents\Atmel Studio\7.0\test22_7_18\test22_7_18\ArduinoCore\Debug\libArduinoCore.a(wiring_digital.o)
                                0x2b6 (size before relaxing)
 .debug_str     0x00002721       0xac c:\users\dmaus\Documents\Atmel Studio\7.0\test22_7_18\test22_7_18\ArduinoCore\Debug\libArduinoCore.a(WMath.o)
                                0x254 (size before relaxing)
 .debug_str     0x000027cd      0x41c c:\users\dmaus\Documents\Atmel Studio\7.0\test22_7_18\test22_7_18\ArduinoCore\Debug\libArduinoCore.a(Adafruit_DotStar.o)
                                0xb91 (size before relaxing)
 .debug_str     0x00002be9       0xa9 c:\users\dmaus\Documents\Atmel Studio\7.0\test22_7_18\test22_7_18\ArduinoCore\Debug\libArduinoCore.a(SPI.o)
                                0x6b4 (size before relaxing)

.debug_loc      0x00000000     0x47b5
 *(.debug_loc)
 .debug_loc     0x00000000      0x7a9 Sketch.o
 .debug_loc     0x000007a9      0x482 c:\users\dmaus\Documents\Atmel Studio\7.0\test22_7_18\test22_7_18\ArduinoCore\Debug\libArduinoCore.a(HardwareSerial.o)
 .debug_loc     0x00000c2b      0x1b0 c:\users\dmaus\Documents\Atmel Studio\7.0\test22_7_18\test22_7_18\ArduinoCore\Debug\libArduinoCore.a(HardwareSerial0.o)
 .debug_loc     0x00000ddb     0x1c87 c:\users\dmaus\Documents\Atmel Studio\7.0\test22_7_18\test22_7_18\ArduinoCore\Debug\libArduinoCore.a(Print.o)
 .debug_loc     0x00002a62      0x28d c:\users\dmaus\Documents\Atmel Studio\7.0\test22_7_18\test22_7_18\ArduinoCore\Debug\libArduinoCore.a(wiring.o)
 .debug_loc     0x00002cef      0x11c c:\users\dmaus\Documents\Atmel Studio\7.0\test22_7_18\test22_7_18\ArduinoCore\Debug\libArduinoCore.a(wiring_analog.o)
 .debug_loc     0x00002e0b      0x56b c:\users\dmaus\Documents\Atmel Studio\7.0\test22_7_18\test22_7_18\ArduinoCore\Debug\libArduinoCore.a(wiring_digital.o)
 .debug_loc     0x00003376      0x3d6 c:\users\dmaus\Documents\Atmel Studio\7.0\test22_7_18\test22_7_18\ArduinoCore\Debug\libArduinoCore.a(WMath.o)
 .debug_loc     0x0000374c      0xe79 c:\users\dmaus\Documents\Atmel Studio\7.0\test22_7_18\test22_7_18\ArduinoCore\Debug\libArduinoCore.a(Adafruit_DotStar.o)
 .debug_loc     0x000045c5      0x1f0 c:\users\dmaus\Documents\Atmel Studio\7.0\test22_7_18\test22_7_18\ArduinoCore\Debug\libArduinoCore.a(SPI.o)

.debug_macinfo
 *(.debug_macinfo)

.debug_weaknames
 *(.debug_weaknames)

.debug_funcnames
 *(.debug_funcnames)

.debug_typenames
 *(.debug_typenames)

.debug_varnames
 *(.debug_varnames)

.debug_pubtypes
 *(.debug_pubtypes)

.debug_ranges   0x00000000      0x3c0
 *(.debug_ranges)
 .debug_ranges  0x00000000       0x40 Sketch.o
 .debug_ranges  0x00000040       0x58 c:\users\dmaus\Documents\Atmel Studio\7.0\test22_7_18\test22_7_18\ArduinoCore\Debug\libArduinoCore.a(HardwareSerial.o)
 .debug_ranges  0x00000098       0x38 c:\users\dmaus\Documents\Atmel Studio\7.0\test22_7_18\test22_7_18\ArduinoCore\Debug\libArduinoCore.a(HardwareSerial0.o)
 .debug_ranges  0x000000d0       0x20 c:\users\dmaus\Documents\Atmel Studio\7.0\test22_7_18\test22_7_18\ArduinoCore\Debug\libArduinoCore.a(main.o)
 .debug_ranges  0x000000f0      0x120 c:\users\dmaus\Documents\Atmel Studio\7.0\test22_7_18\test22_7_18\ArduinoCore\Debug\libArduinoCore.a(Print.o)
 .debug_ranges  0x00000210       0x38 c:\users\dmaus\Documents\Atmel Studio\7.0\test22_7_18\test22_7_18\ArduinoCore\Debug\libArduinoCore.a(wiring.o)
 .debug_ranges  0x00000248       0x20 c:\users\dmaus\Documents\Atmel Studio\7.0\test22_7_18\test22_7_18\ArduinoCore\Debug\libArduinoCore.a(wiring_analog.o)
 .debug_ranges  0x00000268       0x28 c:\users\dmaus\Documents\Atmel Studio\7.0\test22_7_18\test22_7_18\ArduinoCore\Debug\libArduinoCore.a(wiring_digital.o)
 .debug_ranges  0x00000290       0x38 c:\users\dmaus\Documents\Atmel Studio\7.0\test22_7_18\test22_7_18\ArduinoCore\Debug\libArduinoCore.a(WMath.o)
 .debug_ranges  0x000002c8       0xd0 c:\users\dmaus\Documents\Atmel Studio\7.0\test22_7_18\test22_7_18\ArduinoCore\Debug\libArduinoCore.a(Adafruit_DotStar.o)
 .debug_ranges  0x00000398       0x28 c:\users\dmaus\Documents\Atmel Studio\7.0\test22_7_18\test22_7_18\ArduinoCore\Debug\libArduinoCore.a(SPI.o)

.debug_macro
 *(.debug_macro)
OUTPUT(2_7_18.elf elf32-avr)
LOAD linker stubs
